Component: Arm Compiler for Embedded 6.22 Tool: armlink [5ee90200]

==============================================================================

Section Cross References

    main.o(.text.main) refers to system_lpc17xx.o(.text.SystemInit) for SystemInit
    main.o(.text.main) refers to lib_timer.o(.text.init_timer_SRI) for init_timer_SRI
    main.o(.text.main) refers to lib_timer.o(.text.enable_timer) for enable_timer
    main.o(.text.main) refers to lib_button.o(.text.BUTTON_init) for BUTTON_init
    main.o(.text.main) refers to lib_led.o(.text.LED_init) for LED_init
    main.o(.ARM.exidx.text.main) refers to main.o(.text.main) for [Anonymous Symbol]
    irq_timer.o(.ARM.exidx.text.TIMER0_IRQHandler) refers to irq_timer.o(.text.TIMER0_IRQHandler) for [Anonymous Symbol]
    irq_timer.o(.ARM.exidx.text.TIMER1_IRQHandler) refers to irq_timer.o(.text.TIMER1_IRQHandler) for [Anonymous Symbol]
    irq_timer.o(.ARM.exidx.text.TIMER2_IRQHandler) refers to irq_timer.o(.text.TIMER2_IRQHandler) for [Anonymous Symbol]
    irq_timer.o(.text.TIMER3_IRQHandler) refers to lib_timer.o(.bss.tick) for tick
    irq_timer.o(.ARM.exidx.text.TIMER3_IRQHandler) refers to irq_timer.o(.text.TIMER3_IRQHandler) for [Anonymous Symbol]
    lib_timer.o(.ARM.exidx.text.enable_timer) refers to lib_timer.o(.text.enable_timer) for [Anonymous Symbol]
    lib_timer.o(.ARM.exidx.text.read_timer) refers to lib_timer.o(.text.read_timer) for [Anonymous Symbol]
    lib_timer.o(.ARM.exidx.text.disable_timer) refers to lib_timer.o(.text.disable_timer) for [Anonymous Symbol]
    lib_timer.o(.ARM.exidx.text.reset_timer) refers to lib_timer.o(.text.reset_timer) for [Anonymous Symbol]
    lib_timer.o(.text.init_timer_SRI) refers to lib_timer.o(.text.__NVIC_EnableIRQ) for __NVIC_EnableIRQ
    lib_timer.o(.ARM.exidx.text.init_timer_SRI) refers to lib_timer.o(.text.init_timer_SRI) for [Anonymous Symbol]
    lib_timer.o(.ARM.exidx.text.__NVIC_EnableIRQ) refers to lib_timer.o(.text.__NVIC_EnableIRQ) for [Anonymous Symbol]
    lib_timer.o(.text.delay_ms) refers to lib_timer.o(.bss.tick) for tick
    lib_timer.o(.ARM.exidx.text.delay_ms) refers to lib_timer.o(.text.delay_ms) for [Anonymous Symbol]
    irq_button.o(.text.EINT0_IRQHandler) refers to irq_button.o(.bss.index) for index
    irq_button.o(.text.EINT0_IRQHandler) refers to lib_timer.o(.text.read_timer) for read_timer
    irq_button.o(.text.EINT0_IRQHandler) refers to irq_button.o(.bss.array) for array
    irq_button.o(.text.EINT0_IRQHandler) refers to irq_button.o(.data.state) for state
    irq_button.o(.text.EINT0_IRQHandler) refers to funct_led.o(.text.LED_On) for LED_On
    irq_button.o(.text.EINT0_IRQHandler) refers to funct_led.o(.text.LED_Off) for LED_Off
    irq_button.o(.ARM.exidx.text.EINT0_IRQHandler) refers to irq_button.o(.text.EINT0_IRQHandler) for [Anonymous Symbol]
    irq_button.o(.text.EINT1_IRQHandler) refers to funct_led.o(.text.LED_Off) for LED_Off
    irq_button.o(.text.EINT1_IRQHandler) refers to irq_button.o(.bss.array) for array
    irq_button.o(.text.EINT1_IRQHandler) refers to insertionsort.o(P4) for insertionSort
    irq_button.o(.text.EINT1_IRQHandler) refers to funct_led.o(.text.LED_On) for LED_On
    irq_button.o(.ARM.exidx.text.EINT1_IRQHandler) refers to irq_button.o(.text.EINT1_IRQHandler) for [Anonymous Symbol]
    irq_button.o(.ARM.exidx.text.EINT2_IRQHandler) refers to irq_button.o(.text.EINT2_IRQHandler) for [Anonymous Symbol]
    lib_button.o(.text.BUTTON_init) refers to lib_button.o(.text.__NVIC_EnableIRQ) for __NVIC_EnableIRQ
    lib_button.o(.ARM.exidx.text.BUTTON_init) refers to lib_button.o(.text.BUTTON_init) for [Anonymous Symbol]
    lib_button.o(.ARM.exidx.text.__NVIC_EnableIRQ) refers to lib_button.o(.text.__NVIC_EnableIRQ) for [Anonymous Symbol]
    funct_led.o(.text.LED_On) refers to funct_led.o(.rodata.led_mask) for led_mask
    funct_led.o(.text.LED_On) refers to lib_led.o(.bss.led_value) for led_value
    funct_led.o(.ARM.exidx.text.LED_On) refers to funct_led.o(.text.LED_On) for [Anonymous Symbol]
    funct_led.o(.text.LED_Off) refers to funct_led.o(.rodata.led_mask) for led_mask
    funct_led.o(.text.LED_Off) refers to lib_led.o(.bss.led_value) for led_value
    funct_led.o(.ARM.exidx.text.LED_Off) refers to funct_led.o(.text.LED_Off) for [Anonymous Symbol]
    funct_led.o(.text.LED_Out) refers to funct_led.o(.text.LED_On) for LED_On
    funct_led.o(.text.LED_Out) refers to funct_led.o(.text.LED_Off) for LED_Off
    funct_led.o(.text.LED_Out) refers to lib_led.o(.bss.led_value) for led_value
    funct_led.o(.ARM.exidx.text.LED_Out) refers to funct_led.o(.text.LED_Out) for [Anonymous Symbol]
    lib_led.o(.text.LED_init) refers to lib_led.o(.bss.led_value) for led_value
    lib_led.o(.ARM.exidx.text.LED_init) refers to lib_led.o(.text.LED_init) for [Anonymous Symbol]
    lib_led.o(.ARM.exidx.text.LED_deinit) refers to lib_led.o(.text.LED_deinit) for [Anonymous Symbol]
    startup_lpc17xx.o(STACK) refers (Special) to heapauxi.o(.text) for __use_two_region_memory
    startup_lpc17xx.o(HEAP) refers (Special) to heapauxi.o(.text) for __use_two_region_memory
    startup_lpc17xx.o(RESET) refers (Special) to heapauxi.o(.text) for __use_two_region_memory
    startup_lpc17xx.o(RESET) refers to startup_lpc17xx.o(STACK) for __initial_sp
    startup_lpc17xx.o(RESET) refers to startup_lpc17xx.o(.text) for Reset_Handler
    startup_lpc17xx.o(RESET) refers to irq_timer.o(.text.TIMER0_IRQHandler) for TIMER0_IRQHandler
    startup_lpc17xx.o(RESET) refers to irq_timer.o(.text.TIMER1_IRQHandler) for TIMER1_IRQHandler
    startup_lpc17xx.o(RESET) refers to irq_timer.o(.text.TIMER2_IRQHandler) for TIMER2_IRQHandler
    startup_lpc17xx.o(RESET) refers to irq_timer.o(.text.TIMER3_IRQHandler) for TIMER3_IRQHandler
    startup_lpc17xx.o(RESET) refers to irq_button.o(.text.EINT0_IRQHandler) for EINT0_IRQHandler
    startup_lpc17xx.o(RESET) refers to irq_button.o(.text.EINT1_IRQHandler) for EINT1_IRQHandler
    startup_lpc17xx.o(RESET) refers to irq_button.o(.text.EINT2_IRQHandler) for EINT2_IRQHandler
    startup_lpc17xx.o(.ARM.__at_0x02FC) refers (Special) to heapauxi.o(.text) for __use_two_region_memory
    startup_lpc17xx.o(constants) refers (Special) to heapauxi.o(.text) for __use_two_region_memory
    startup_lpc17xx.o(variables) refers (Special) to heapauxi.o(.text) for __use_two_region_memory
    startup_lpc17xx.o(.text) refers (Special) to heapauxi.o(.text) for __use_two_region_memory
    startup_lpc17xx.o(.text) refers to __main.o(!!!main) for __main
    startup_lpc17xx.o(.text) refers to startup_lpc17xx.o(HEAP) for Heap_Mem
    startup_lpc17xx.o(.text) refers to startup_lpc17xx.o(STACK) for Stack_Mem
    system_lpc17xx.o(.text.SystemCoreClockUpdate) refers to lludivv7m.o(.text) for __aeabi_uldivmod
    system_lpc17xx.o(.text.SystemCoreClockUpdate) refers to system_lpc17xx.o(.data.SystemCoreClock) for SystemCoreClock
    system_lpc17xx.o(.ARM.exidx.text.SystemCoreClockUpdate) refers to system_lpc17xx.o(.text.SystemCoreClockUpdate) for [Anonymous Symbol]
    system_lpc17xx.o(.ARM.exidx.text.SystemInit) refers to system_lpc17xx.o(.text.SystemInit) for [Anonymous Symbol]
    __main.o(!!!main) refers to __rtentry.o(.ARM.Collect$$rtentry$$00000000) for __rt_entry
    __rtentry.o(.ARM.Collect$$rtentry$$00000000) refers (Special) to __rtentry2.o(.ARM.Collect$$rtentry$$0000000A) for __rt_entry_li
    __rtentry.o(.ARM.Collect$$rtentry$$00000000) refers (Special) to __rtentry2.o(.ARM.Collect$$rtentry$$0000000D) for __rt_entry_main
    __rtentry.o(.ARM.Collect$$rtentry$$00000000) refers (Special) to __rtentry2.o(.ARM.Collect$$rtentry$$0000000C) for __rt_entry_postli_1
    __rtentry.o(.ARM.Collect$$rtentry$$00000000) refers (Special) to __rtentry2.o(.ARM.Collect$$rtentry$$00000009) for __rt_entry_postsh_1
    __rtentry.o(.ARM.Collect$$rtentry$$00000000) refers (Special) to __rtentry2.o(.ARM.Collect$$rtentry$$00000002) for __rt_entry_presh_1
    __rtentry.o(.ARM.Collect$$rtentry$$00000000) refers (Special) to __rtentry4.o(.ARM.Collect$$rtentry$$00000004) for __rt_entry_sh
    aeabi_ldiv0_sigfpe.o(.text) refers to rt_div0.o(.text) for __rt_div0
    __rtentry2.o(.ARM.Collect$$rtentry$$00000008) refers to boardinit2.o(.text) for _platform_post_stackheap_init
    __rtentry2.o(.ARM.Collect$$rtentry$$0000000A) refers to libinit.o(.ARM.Collect$$libinit$$00000000) for __rt_lib_init
    __rtentry2.o(.ARM.Collect$$rtentry$$0000000B) refers to boardinit3.o(.text) for _platform_post_lib_init
    __rtentry2.o(.ARM.Collect$$rtentry$$0000000D) refers to main.o(.text.main) for main
    __rtentry2.o(.ARM.Collect$$rtentry$$0000000D) refers to exit.o(.text) for exit
    __rtentry2.o(.ARM.exidx) refers to __rtentry2.o(.ARM.Collect$$rtentry$$00000001) for .ARM.Collect$$rtentry$$00000001
    __rtentry2.o(.ARM.exidx) refers to __rtentry2.o(.ARM.Collect$$rtentry$$00000008) for .ARM.Collect$$rtentry$$00000008
    __rtentry2.o(.ARM.exidx) refers to __rtentry2.o(.ARM.Collect$$rtentry$$0000000A) for .ARM.Collect$$rtentry$$0000000A
    __rtentry2.o(.ARM.exidx) refers to __rtentry2.o(.ARM.Collect$$rtentry$$0000000B) for .ARM.Collect$$rtentry$$0000000B
    __rtentry2.o(.ARM.exidx) refers to __rtentry2.o(.ARM.Collect$$rtentry$$0000000D) for .ARM.Collect$$rtentry$$0000000D
    __rtentry4.o(.ARM.Collect$$rtentry$$00000004) refers to sys_stackheap_outer.o(.text) for __user_setup_stackheap
    __rtentry4.o(.ARM.exidx) refers to __rtentry4.o(.ARM.Collect$$rtentry$$00000004) for .ARM.Collect$$rtentry$$00000004
    rt_div0.o(.text) refers to defsig_fpe_outer.o(.text) for __rt_SIGFPE
    sys_stackheap_outer.o(.text) refers to libspace.o(.text) for __user_perproc_libspace
    sys_stackheap_outer.o(.text) refers to startup_lpc17xx.o(.text) for __user_initial_stackheap
    exit.o(.text) refers to rtexit.o(.ARM.Collect$$rtexit$$00000000) for __rt_exit
    defsig_fpe_outer.o(.text) refers to defsig_fpe_inner.o(.text) for __rt_SIGFPE_inner
    defsig_fpe_outer.o(.text) refers to defsig_exit.o(.text) for __sig_exit
    defsig_fpe_formal.o(.text) refers to rt_raise.o(.text) for __rt_raise
    libinit.o(.ARM.Collect$$libinit$$00000000) refers (Special) to libinit2.o(.ARM.Collect$$libinit$$00000030) for __rt_lib_init_alloca_1
    libinit.o(.ARM.Collect$$libinit$$00000000) refers (Special) to libinit2.o(.ARM.Collect$$libinit$$0000002E) for __rt_lib_init_argv_1
    libinit.o(.ARM.Collect$$libinit$$00000000) refers (Special) to libinit2.o(.ARM.Collect$$libinit$$0000001D) for __rt_lib_init_atexit_1
    libinit.o(.ARM.Collect$$libinit$$00000000) refers (Special) to libinit2.o(.ARM.Collect$$libinit$$00000023) for __rt_lib_init_clock_1
    libinit.o(.ARM.Collect$$libinit$$00000000) refers (Special) to libinit2.o(.ARM.Collect$$libinit$$00000034) for __rt_lib_init_cpp_1
    libinit.o(.ARM.Collect$$libinit$$00000000) refers (Special) to libinit2.o(.ARM.Collect$$libinit$$00000032) for __rt_lib_init_exceptions_1
    libinit.o(.ARM.Collect$$libinit$$00000000) refers (Special) to libinit2.o(.ARM.Collect$$libinit$$00000002) for __rt_lib_init_fp_1
    libinit.o(.ARM.Collect$$libinit$$00000000) refers (Special) to libinit2.o(.ARM.Collect$$libinit$$00000021) for __rt_lib_init_fp_trap_1
    libinit.o(.ARM.Collect$$libinit$$00000000) refers (Special) to libinit2.o(.ARM.Collect$$libinit$$00000025) for __rt_lib_init_getenv_1
    libinit.o(.ARM.Collect$$libinit$$00000000) refers (Special) to libinit2.o(.ARM.Collect$$libinit$$0000000C) for __rt_lib_init_heap_1
    libinit.o(.ARM.Collect$$libinit$$00000000) refers (Special) to libinit2.o(.ARM.Collect$$libinit$$00000013) for __rt_lib_init_lc_collate_1
    libinit.o(.ARM.Collect$$libinit$$00000000) refers (Special) to libinit2.o(.ARM.Collect$$libinit$$00000015) for __rt_lib_init_lc_ctype_1
    libinit.o(.ARM.Collect$$libinit$$00000000) refers (Special) to libinit2.o(.ARM.Collect$$libinit$$00000017) for __rt_lib_init_lc_monetary_1
    libinit.o(.ARM.Collect$$libinit$$00000000) refers (Special) to libinit2.o(.ARM.Collect$$libinit$$00000019) for __rt_lib_init_lc_numeric_1
    libinit.o(.ARM.Collect$$libinit$$00000000) refers (Special) to libinit2.o(.ARM.Collect$$libinit$$0000001B) for __rt_lib_init_lc_time_1
    libinit.o(.ARM.Collect$$libinit$$00000000) refers (Special) to libinit2.o(.ARM.Collect$$libinit$$00000006) for __rt_lib_init_preinit_1
    libinit.o(.ARM.Collect$$libinit$$00000000) refers (Special) to libinit2.o(.ARM.Collect$$libinit$$00000010) for __rt_lib_init_rand_1
    libinit.o(.ARM.Collect$$libinit$$00000000) refers (Special) to libinit2.o(.ARM.Collect$$libinit$$00000004) for __rt_lib_init_relocate_pie_1
    libinit.o(.ARM.Collect$$libinit$$00000000) refers (Special) to libinit2.o(.ARM.Collect$$libinit$$00000035) for __rt_lib_init_return
    libinit.o(.ARM.Collect$$libinit$$00000000) refers (Special) to libinit2.o(.ARM.Collect$$libinit$$0000001F) for __rt_lib_init_signal_1
    libinit.o(.ARM.Collect$$libinit$$00000000) refers (Special) to libinit2.o(.ARM.Collect$$libinit$$00000027) for __rt_lib_init_stdio_1
    libinit.o(.ARM.Collect$$libinit$$00000000) refers (Special) to libinit2.o(.ARM.Collect$$libinit$$0000000E) for __rt_lib_init_user_alloc_1
    libspace.o(.text) refers to libspace.o(.bss) for __libspace_start
    rtexit.o(.ARM.Collect$$rtexit$$00000000) refers (Special) to rtexit2.o(.ARM.Collect$$rtexit$$00000004) for __rt_exit_exit
    rtexit.o(.ARM.Collect$$rtexit$$00000000) refers (Special) to rtexit2.o(.ARM.Collect$$rtexit$$00000003) for __rt_exit_ls
    rtexit.o(.ARM.Collect$$rtexit$$00000000) refers (Special) to rtexit2.o(.ARM.Collect$$rtexit$$00000002) for __rt_exit_prels_1
    rtexit.o(.ARM.exidx) refers (Special) to rtexit2.o(.ARM.Collect$$rtexit$$00000004) for __rt_exit_exit
    rtexit.o(.ARM.exidx) refers (Special) to rtexit2.o(.ARM.Collect$$rtexit$$00000003) for __rt_exit_ls
    rtexit.o(.ARM.exidx) refers (Special) to rtexit2.o(.ARM.Collect$$rtexit$$00000002) for __rt_exit_prels_1
    rtexit.o(.ARM.exidx) refers to rtexit.o(.ARM.Collect$$rtexit$$00000000) for .ARM.Collect$$rtexit$$00000000
    rt_raise.o(.text) refers to __raise.o(.text) for __raise
    rt_raise.o(.text) refers to sys_exit.o(.text) for _sys_exit
    defsig_exit.o(.text) refers to sys_exit.o(.text) for _sys_exit
    defsig_fpe_inner.o(.text) refers to defsig_general.o(.text) for __default_signal_display
    libinit2.o(.ARM.Collect$$libinit$$00000012) refers to libinit2.o(.ARM.Collect$$libinit$$00000011) for .ARM.Collect$$libinit$$00000011
    libinit2.o(.ARM.Collect$$libinit$$00000014) refers to libinit2.o(.ARM.Collect$$libinit$$00000011) for .ARM.Collect$$libinit$$00000011
    libinit2.o(.ARM.Collect$$libinit$$00000016) refers to libinit2.o(.ARM.Collect$$libinit$$00000011) for .ARM.Collect$$libinit$$00000011
    libinit2.o(.ARM.Collect$$libinit$$00000018) refers to libinit2.o(.ARM.Collect$$libinit$$00000011) for .ARM.Collect$$libinit$$00000011
    libinit2.o(.ARM.Collect$$libinit$$0000001A) refers to libinit2.o(.ARM.Collect$$libinit$$00000011) for .ARM.Collect$$libinit$$00000011
    libinit2.o(.ARM.Collect$$libinit$$00000028) refers to argv_veneer.o(.emb_text) for __ARM_argv_veneer
    libinit2.o(.ARM.Collect$$libinit$$00000029) refers to argv_veneer.o(.emb_text) for __ARM_argv_veneer
    sys_exit.o(.text) refers (Special) to use_no_semi.o(.text) for __I$use$semihosting
    sys_exit.o(.text) refers (Special) to indicate_semi.o(.text) for __semihosting_library_function
    sys_exit_hlt.o(.text) refers (Special) to use_no_semi.o(.text) for __I$use$semihosting
    sys_exit_hlt.o(.text) refers (Special) to indicate_semi.o(.text) for __semihosting_library_function
    rtexit2.o(.ARM.Collect$$rtexit$$00000003) refers to libshutdown.o(.ARM.Collect$$libshutdown$$00000000) for __rt_lib_shutdown
    rtexit2.o(.ARM.Collect$$rtexit$$00000004) refers to sys_exit.o(.text) for _sys_exit
    rtexit2.o(.ARM.exidx) refers to rtexit2.o(.ARM.Collect$$rtexit$$00000001) for .ARM.Collect$$rtexit$$00000001
    rtexit2.o(.ARM.exidx) refers to rtexit2.o(.ARM.Collect$$rtexit$$00000003) for .ARM.Collect$$rtexit$$00000003
    rtexit2.o(.ARM.exidx) refers to rtexit2.o(.ARM.Collect$$rtexit$$00000004) for .ARM.Collect$$rtexit$$00000004
    __raise.o(.text) refers to defsig.o(CL$$defsig) for __default_signal_handler
    defsig_general.o(.text) refers to sys_wrch.o(.text) for _ttywrch
    argv_veneer.o(.emb_text) refers to no_argv.o(.text) for __ARM_get_argv
    sys_wrch.o(.text) refers (Special) to use_no_semi.o(.text) for __I$use$semihosting
    sys_wrch.o(.text) refers (Special) to indicate_semi.o(.text) for __semihosting_library_function
    sys_wrch_hlt.o(.text) refers (Special) to use_no_semi.o(.text) for __I$use$semihosting
    sys_wrch_hlt.o(.text) refers (Special) to indicate_semi.o(.text) for __semihosting_library_function
    defsig.o(CL$$defsig) refers to defsig_fpe_inner.o(.text) for __rt_SIGFPE_inner
    defsig.o(CL$$defsig) refers to defsig_rtmem_inner.o(.text) for __rt_SIGRTMEM_inner
    _get_argv_nomalloc.o(.text) refers (Special) to hrguard.o(.text) for __heap_region$guard
    _get_argv_nomalloc.o(.text) refers to defsig_rtmem_outer.o(.text) for __rt_SIGRTMEM
    _get_argv_nomalloc.o(.text) refers to sys_command.o(.text) for _sys_command_string
    libshutdown.o(.ARM.Collect$$libshutdown$$00000000) refers (Special) to libshutdown2.o(.ARM.Collect$$libshutdown$$00000002) for __rt_lib_shutdown_cpp_1
    libshutdown.o(.ARM.Collect$$libshutdown$$00000000) refers (Special) to libshutdown2.o(.ARM.Collect$$libshutdown$$00000007) for __rt_lib_shutdown_fp_trap_1
    libshutdown.o(.ARM.Collect$$libshutdown$$00000000) refers (Special) to libshutdown2.o(.ARM.Collect$$libshutdown$$0000000F) for __rt_lib_shutdown_heap_1
    libshutdown.o(.ARM.Collect$$libshutdown$$00000000) refers (Special) to libshutdown2.o(.ARM.Collect$$libshutdown$$00000010) for __rt_lib_shutdown_return
    libshutdown.o(.ARM.Collect$$libshutdown$$00000000) refers (Special) to libshutdown2.o(.ARM.Collect$$libshutdown$$0000000A) for __rt_lib_shutdown_signal_1
    libshutdown.o(.ARM.Collect$$libshutdown$$00000000) refers (Special) to libshutdown2.o(.ARM.Collect$$libshutdown$$00000004) for __rt_lib_shutdown_stdio_1
    libshutdown.o(.ARM.Collect$$libshutdown$$00000000) refers (Special) to libshutdown2.o(.ARM.Collect$$libshutdown$$0000000C) for __rt_lib_shutdown_user_alloc_1
    sys_command.o(.text) refers (Special) to use_no_semi.o(.text) for __I$use$semihosting
    sys_command.o(.text) refers (Special) to indicate_semi.o(.text) for __semihosting_library_function
    sys_command_hlt.o(.text) refers (Special) to use_no_semi.o(.text) for __I$use$semihosting
    sys_command_hlt.o(.text) refers (Special) to indicate_semi.o(.text) for __semihosting_library_function
    defsig_abrt_inner.o(.text) refers to defsig_general.o(.text) for __default_signal_display
    defsig_rtred_inner.o(.text) refers to defsig_general.o(.text) for __default_signal_display
    defsig_rtmem_inner.o(.text) refers to defsig_general.o(.text) for __default_signal_display
    defsig_rtmem_outer.o(.text) refers to defsig_rtmem_inner.o(.text) for __rt_SIGRTMEM_inner
    defsig_rtmem_outer.o(.text) refers to defsig_exit.o(.text) for __sig_exit
    defsig_rtmem_formal.o(.text) refers to rt_raise.o(.text) for __rt_raise
    defsig_stak_inner.o(.text) refers to defsig_general.o(.text) for __default_signal_display
    defsig_pvfn_inner.o(.text) refers to defsig_general.o(.text) for __default_signal_display
    defsig_cppl_inner.o(.text) refers to defsig_general.o(.text) for __default_signal_display
    defsig_segv_inner.o(.text) refers to defsig_general.o(.text) for __default_signal_display
    defsig_other.o(.text) refers to defsig_general.o(.text) for __default_signal_display


==============================================================================

Removing Unused input sections from the image.

    Removing main.o(.text), (0 bytes).
    Removing main.o(.ARM.exidx.text.main), (8 bytes).
    Removing main.o(.ARM.use_no_argv), (4 bytes).
    Removing irq_timer.o(.text), (0 bytes).
    Removing irq_timer.o(.ARM.exidx.text.TIMER0_IRQHandler), (8 bytes).
    Removing irq_timer.o(.ARM.exidx.text.TIMER1_IRQHandler), (8 bytes).
    Removing irq_timer.o(.ARM.exidx.text.TIMER2_IRQHandler), (8 bytes).
    Removing irq_timer.o(.ARM.exidx.text.TIMER3_IRQHandler), (8 bytes).
    Removing lib_timer.o(.text), (0 bytes).
    Removing lib_timer.o(.ARM.exidx.text.enable_timer), (8 bytes).
    Removing lib_timer.o(.ARM.exidx.text.read_timer), (8 bytes).
    Removing lib_timer.o(.text.disable_timer), (108 bytes).
    Removing lib_timer.o(.ARM.exidx.text.disable_timer), (8 bytes).
    Removing lib_timer.o(.text.reset_timer), (156 bytes).
    Removing lib_timer.o(.ARM.exidx.text.reset_timer), (8 bytes).
    Removing lib_timer.o(.ARM.exidx.text.init_timer_SRI), (8 bytes).
    Removing lib_timer.o(.ARM.exidx.text.__NVIC_EnableIRQ), (8 bytes).
    Removing lib_timer.o(.text.delay_ms), (46 bytes).
    Removing lib_timer.o(.ARM.exidx.text.delay_ms), (8 bytes).
    Removing irq_button.o(.text), (0 bytes).
    Removing irq_button.o(.ARM.exidx.text.EINT0_IRQHandler), (8 bytes).
    Removing irq_button.o(.ARM.exidx.text.EINT1_IRQHandler), (8 bytes).
    Removing irq_button.o(.ARM.exidx.text.EINT2_IRQHandler), (8 bytes).
    Removing lib_button.o(.text), (0 bytes).
    Removing lib_button.o(.ARM.exidx.text.BUTTON_init), (8 bytes).
    Removing lib_button.o(.ARM.exidx.text.__NVIC_EnableIRQ), (8 bytes).
    Removing funct_led.o(.text), (0 bytes).
    Removing funct_led.o(.ARM.exidx.text.LED_On), (8 bytes).
    Removing funct_led.o(.ARM.exidx.text.LED_Off), (8 bytes).
    Removing funct_led.o(.text.LED_Out), (74 bytes).
    Removing funct_led.o(.ARM.exidx.text.LED_Out), (8 bytes).
    Removing lib_led.o(.text), (0 bytes).
    Removing lib_led.o(.ARM.exidx.text.LED_init), (8 bytes).
    Removing lib_led.o(.text.LED_deinit), (18 bytes).
    Removing lib_led.o(.ARM.exidx.text.LED_deinit), (8 bytes).
    Removing startup_lpc17xx.o(constants), (7 bytes).
    Removing startup_lpc17xx.o(variables), (12 bytes).
    Removing system_lpc17xx.o(.text), (0 bytes).
    Removing system_lpc17xx.o(.text.SystemCoreClockUpdate), (428 bytes).
    Removing system_lpc17xx.o(.ARM.exidx.text.SystemCoreClockUpdate), (8 bytes).
    Removing system_lpc17xx.o(.ARM.exidx.text.SystemInit), (8 bytes).
    Removing system_lpc17xx.o(.data.SystemCoreClock), (4 bytes).

42 unused section(s) (total 1049 bytes) removed from the image.

==============================================================================

Image Symbol Table

    Local Symbols

    Symbol Name                              Value     Ov Type        Size  Object(Section)

    ../clib/angel/boardlib.s                 0x00000000   Number         0  boardinit1.o ABSOLUTE
    ../clib/angel/boardlib.s                 0x00000000   Number         0  boardinit2.o ABSOLUTE
    ../clib/angel/boardlib.s                 0x00000000   Number         0  boardinit3.o ABSOLUTE
    ../clib/angel/boardlib.s                 0x00000000   Number         0  boardshut.o ABSOLUTE
    ../clib/angel/handlers.s                 0x00000000   Number         0  __scatter_copy.o ABSOLUTE
    ../clib/angel/handlers.s                 0x00000000   Number         0  __scatter_zi.o ABSOLUTE
    ../clib/angel/kernel.s                   0x00000000   Number         0  __rtentry.o ABSOLUTE
    ../clib/angel/kernel.s                   0x00000000   Number         0  __rtentry2.o ABSOLUTE
    ../clib/angel/kernel.s                   0x00000000   Number         0  __rtentry4.o ABSOLUTE
    ../clib/angel/kernel.s                   0x00000000   Number         0  rtexit.o ABSOLUTE
    ../clib/angel/kernel.s                   0x00000000   Number         0  rtexit2.o ABSOLUTE
    ../clib/angel/rt.s                       0x00000000   Number         0  aeabi_ldiv0.o ABSOLUTE
    ../clib/angel/rt.s                       0x00000000   Number         0  aeabi_ldiv0_sigfpe.o ABSOLUTE
    ../clib/angel/rt.s                       0x00000000   Number         0  rt_div0.o ABSOLUTE
    ../clib/angel/rt.s                       0x00000000   Number         0  rt_raise.o ABSOLUTE
    ../clib/angel/scatter.s                  0x00000000   Number         0  __scatter.o ABSOLUTE
    ../clib/angel/startup.s                  0x00000000   Number         0  __main.o ABSOLUTE
    ../clib/angel/sys.s                      0x00000000   Number         0  sys_stackheap_outer.o ABSOLUTE
    ../clib/angel/sys.s                      0x00000000   Number         0  libspace.o ABSOLUTE
    ../clib/angel/sys.s                      0x00000000   Number         0  use_no_semi.o ABSOLUTE
    ../clib/angel/sys.s                      0x00000000   Number         0  indicate_semi.o ABSOLUTE
    ../clib/angel/sysapp.c                   0x00000000   Number         0  sys_exit.o ABSOLUTE
    ../clib/angel/sysapp.c                   0x00000000   Number         0  sys_exit_hlt.o ABSOLUTE
    ../clib/angel/sysapp.c                   0x00000000   Number         0  sys_wrch.o ABSOLUTE
    ../clib/angel/sysapp.c                   0x00000000   Number         0  sys_wrch_hlt.o ABSOLUTE
    ../clib/angel/sysapp.c                   0x00000000   Number         0  sys_command.o ABSOLUTE
    ../clib/angel/sysapp.c                   0x00000000   Number         0  sys_command_hlt.o ABSOLUTE
    ../clib/armsys.c                         0x00000000   Number         0  argv_veneer.o ABSOLUTE
    ../clib/armsys.c                         0x00000000   Number         0  argv_veneer.o ABSOLUTE
    ../clib/armsys.c                         0x00000000   Number         0  _get_argv_nomalloc.o ABSOLUTE
    ../clib/armsys.c                         0x00000000   Number         0  no_argv.o ABSOLUTE
    ../clib/heapalloc.c                      0x00000000   Number         0  hrguard.o ABSOLUTE
    ../clib/heapaux.c                        0x00000000   Number         0  heapauxi.o ABSOLUTE
    ../clib/libinit.s                        0x00000000   Number         0  libinit.o ABSOLUTE
    ../clib/libinit.s                        0x00000000   Number         0  libinit2.o ABSOLUTE
    ../clib/libinit.s                        0x00000000   Number         0  libshutdown.o ABSOLUTE
    ../clib/libinit.s                        0x00000000   Number         0  libshutdown2.o ABSOLUTE
    ../clib/longlong.s                       0x00000000   Number         0  lludivv7m.o ABSOLUTE
    ../clib/signal.c                         0x00000000   Number         0  defsig_fpe_outer.o ABSOLUTE
    ../clib/signal.c                         0x00000000   Number         0  defsig_fpe_formal.o ABSOLUTE
    ../clib/signal.c                         0x00000000   Number         0  defsig_exit.o ABSOLUTE
    ../clib/signal.c                         0x00000000   Number         0  defsig_fpe_inner.o ABSOLUTE
    ../clib/signal.c                         0x00000000   Number         0  __raise.o ABSOLUTE
    ../clib/signal.c                         0x00000000   Number         0  defsig_general.o ABSOLUTE
    ../clib/signal.c                         0x00000000   Number         0  defsig_abrt_inner.o ABSOLUTE
    ../clib/signal.c                         0x00000000   Number         0  defsig_rtred_inner.o ABSOLUTE
    ../clib/signal.c                         0x00000000   Number         0  defsig_rtmem_inner.o ABSOLUTE
    ../clib/signal.c                         0x00000000   Number         0  defsig_rtmem_outer.o ABSOLUTE
    ../clib/signal.c                         0x00000000   Number         0  defsig_rtmem_formal.o ABSOLUTE
    ../clib/signal.c                         0x00000000   Number         0  defsig_stak_inner.o ABSOLUTE
    ../clib/signal.c                         0x00000000   Number         0  defsig_pvfn_inner.o ABSOLUTE
    ../clib/signal.c                         0x00000000   Number         0  defsig_cppl_inner.o ABSOLUTE
    ../clib/signal.c                         0x00000000   Number         0  defsig_segv_inner.o ABSOLUTE
    ../clib/signal.c                         0x00000000   Number         0  defsig_other.o ABSOLUTE
    ../clib/signal.s                         0x00000000   Number         0  defsig.o ABSOLUTE
    ../clib/stdlib.c                         0x00000000   Number         0  exit.o ABSOLUTE
    ../fplib/fpinit.s                        0x00000000   Number         0  fpinit.o ABSOLUTE
    ../fplib/fpinit_empty.s                  0x00000000   Number         0  fpinit_empty.o ABSOLUTE
    IRQ_button.c                             0x00000000   Number         0  irq_button.o ABSOLUTE
    IRQ_timer.c                              0x00000000   Number         0  irq_timer.o ABSOLUTE
    Main.c                                   0x00000000   Number         0  main.o ABSOLUTE
    RTE/Device/LPC1768/startup_LPC17xx.s     0x00000000   Number         0  startup_lpc17xx.o ABSOLUTE
    dc.s                                     0x00000000   Number         0  dc.o ABSOLUTE
    funct_led.c                              0x00000000   Number         0  funct_led.o ABSOLUTE
    insertionSort.s                          0x00000000   Number         0  insertionsort.o ABSOLUTE
    lib_button.c                             0x00000000   Number         0  lib_button.o ABSOLUTE
    lib_led.c                                0x00000000   Number         0  lib_led.o ABSOLUTE
    lib_timer.c                              0x00000000   Number         0  lib_timer.o ABSOLUTE
    system_LPC17xx.c                         0x00000000   Number         0  system_lpc17xx.o ABSOLUTE
    RESET                                    0x00000000   Section      204  startup_lpc17xx.o(RESET)
    !!!main                                  0x000000cc   Section        8  __main.o(!!!main)
    !!!scatter                               0x000000d4   Section       92  __scatter.o(!!!scatter)
    !!handler_copy                           0x00000130   Section       26  __scatter_copy.o(!!handler_copy)
    !!handler_null                           0x0000014c   Section        2  __scatter.o(!!handler_null)
    !!handler_zi                             0x00000150   Section       28  __scatter_zi.o(!!handler_zi)
    .ARM.Collect$$libinit$$00000000          0x0000016c   Section        2  libinit.o(.ARM.Collect$$libinit$$00000000)
    .ARM.Collect$$libinit$$00000002          0x0000016e   Section        0  libinit2.o(.ARM.Collect$$libinit$$00000002)
    .ARM.Collect$$libinit$$00000004          0x0000016e   Section        0  libinit2.o(.ARM.Collect$$libinit$$00000004)
    .ARM.Collect$$libinit$$00000006          0x0000016e   Section        0  libinit2.o(.ARM.Collect$$libinit$$00000006)
    .ARM.Collect$$libinit$$0000000C          0x0000016e   Section        0  libinit2.o(.ARM.Collect$$libinit$$0000000C)
    .ARM.Collect$$libinit$$0000000E          0x0000016e   Section        0  libinit2.o(.ARM.Collect$$libinit$$0000000E)
    .ARM.Collect$$libinit$$00000010          0x0000016e   Section        0  libinit2.o(.ARM.Collect$$libinit$$00000010)
    .ARM.Collect$$libinit$$00000013          0x0000016e   Section        0  libinit2.o(.ARM.Collect$$libinit$$00000013)
    .ARM.Collect$$libinit$$00000015          0x0000016e   Section        0  libinit2.o(.ARM.Collect$$libinit$$00000015)
    .ARM.Collect$$libinit$$00000017          0x0000016e   Section        0  libinit2.o(.ARM.Collect$$libinit$$00000017)
    .ARM.Collect$$libinit$$00000019          0x0000016e   Section        0  libinit2.o(.ARM.Collect$$libinit$$00000019)
    .ARM.Collect$$libinit$$0000001B          0x0000016e   Section        0  libinit2.o(.ARM.Collect$$libinit$$0000001B)
    .ARM.Collect$$libinit$$0000001D          0x0000016e   Section        0  libinit2.o(.ARM.Collect$$libinit$$0000001D)
    .ARM.Collect$$libinit$$0000001F          0x0000016e   Section        0  libinit2.o(.ARM.Collect$$libinit$$0000001F)
    .ARM.Collect$$libinit$$00000021          0x0000016e   Section        0  libinit2.o(.ARM.Collect$$libinit$$00000021)
    .ARM.Collect$$libinit$$00000023          0x0000016e   Section        0  libinit2.o(.ARM.Collect$$libinit$$00000023)
    .ARM.Collect$$libinit$$00000025          0x0000016e   Section        0  libinit2.o(.ARM.Collect$$libinit$$00000025)
    .ARM.Collect$$libinit$$00000027          0x0000016e   Section        0  libinit2.o(.ARM.Collect$$libinit$$00000027)
    .ARM.Collect$$libinit$$0000002E          0x0000016e   Section        0  libinit2.o(.ARM.Collect$$libinit$$0000002E)
    .ARM.Collect$$libinit$$00000030          0x0000016e   Section        0  libinit2.o(.ARM.Collect$$libinit$$00000030)
    .ARM.Collect$$libinit$$00000032          0x0000016e   Section        0  libinit2.o(.ARM.Collect$$libinit$$00000032)
    .ARM.Collect$$libinit$$00000034          0x0000016e   Section        0  libinit2.o(.ARM.Collect$$libinit$$00000034)
    .ARM.Collect$$libinit$$00000035          0x0000016e   Section        2  libinit2.o(.ARM.Collect$$libinit$$00000035)
    .ARM.Collect$$libshutdown$$00000000      0x00000170   Section        2  libshutdown.o(.ARM.Collect$$libshutdown$$00000000)
    .ARM.Collect$$libshutdown$$00000002      0x00000172   Section        0  libshutdown2.o(.ARM.Collect$$libshutdown$$00000002)
    .ARM.Collect$$libshutdown$$00000004      0x00000172   Section        0  libshutdown2.o(.ARM.Collect$$libshutdown$$00000004)
    .ARM.Collect$$libshutdown$$00000007      0x00000172   Section        0  libshutdown2.o(.ARM.Collect$$libshutdown$$00000007)
    .ARM.Collect$$libshutdown$$0000000A      0x00000172   Section        0  libshutdown2.o(.ARM.Collect$$libshutdown$$0000000A)
    .ARM.Collect$$libshutdown$$0000000C      0x00000172   Section        0  libshutdown2.o(.ARM.Collect$$libshutdown$$0000000C)
    .ARM.Collect$$libshutdown$$0000000F      0x00000172   Section        0  libshutdown2.o(.ARM.Collect$$libshutdown$$0000000F)
    .ARM.Collect$$libshutdown$$00000010      0x00000172   Section        2  libshutdown2.o(.ARM.Collect$$libshutdown$$00000010)
    .ARM.Collect$$rtentry$$00000000          0x00000174   Section        0  __rtentry.o(.ARM.Collect$$rtentry$$00000000)
    .ARM.Collect$$rtentry$$00000002          0x00000174   Section        0  __rtentry2.o(.ARM.Collect$$rtentry$$00000002)
    .ARM.Collect$$rtentry$$00000004          0x00000174   Section        6  __rtentry4.o(.ARM.Collect$$rtentry$$00000004)
    .ARM.Collect$$rtentry$$00000009          0x0000017a   Section        0  __rtentry2.o(.ARM.Collect$$rtentry$$00000009)
    .ARM.Collect$$rtentry$$0000000A          0x0000017a   Section        4  __rtentry2.o(.ARM.Collect$$rtentry$$0000000A)
    .ARM.Collect$$rtentry$$0000000C          0x0000017e   Section        0  __rtentry2.o(.ARM.Collect$$rtentry$$0000000C)
    .ARM.Collect$$rtentry$$0000000D          0x0000017e   Section        8  __rtentry2.o(.ARM.Collect$$rtentry$$0000000D)
    .ARM.Collect$$rtexit$$00000000           0x00000186   Section        2  rtexit.o(.ARM.Collect$$rtexit$$00000000)
    .ARM.Collect$$rtexit$$00000002           0x00000188   Section        0  rtexit2.o(.ARM.Collect$$rtexit$$00000002)
    .ARM.Collect$$rtexit$$00000003           0x00000188   Section        4  rtexit2.o(.ARM.Collect$$rtexit$$00000003)
    .ARM.Collect$$rtexit$$00000004           0x0000018c   Section        6  rtexit2.o(.ARM.Collect$$rtexit$$00000004)
    .text                                    0x00000194   Section       72  startup_lpc17xx.o(.text)
    .text                                    0x000001dc   Section        0  heapauxi.o(.text)
    .text                                    0x000001e2   Section       74  sys_stackheap_outer.o(.text)
    .text                                    0x0000022c   Section        0  exit.o(.text)
    .text                                    0x00000240   Section        8  libspace.o(.text)
    .text                                    0x00000248   Section        0  sys_exit.o(.text)
    .text                                    0x00000254   Section        2  use_no_semi.o(.text)
    .text                                    0x00000256   Section        0  indicate_semi.o(.text)
    [Anonymous Symbol]                       0x00000258   Section        0  lib_button.o(.text.BUTTON_init)
    [Anonymous Symbol]                       0x000002bc   Section        0  irq_button.o(.text.EINT1_IRQHandler)
    [Anonymous Symbol]                       0x000002f0   Section        0  irq_timer.o(.text.TIMER2_IRQHandler)
    .ARM.__at_0x02FC                         0x000002fc   Section        4  startup_lpc17xx.o(.ARM.__at_0x02FC)
    [Anonymous Symbol]                       0x00000300   Section        0  irq_button.o(.text.EINT0_IRQHandler)
    [Anonymous Symbol]                       0x0000038c   Section        0  irq_button.o(.text.EINT2_IRQHandler)
    [Anonymous Symbol]                       0x000003a0   Section        0  funct_led.o(.text.LED_Off)
    [Anonymous Symbol]                       0x000003d0   Section        0  funct_led.o(.text.LED_On)
    [Anonymous Symbol]                       0x00000400   Section        0  lib_led.o(.text.LED_init)
    [Anonymous Symbol]                       0x0000043c   Section        0  system_lpc17xx.o(.text.SystemInit)
    [Anonymous Symbol]                       0x000005c0   Section        0  irq_timer.o(.text.TIMER0_IRQHandler)
    [Anonymous Symbol]                       0x000005d0   Section        0  irq_timer.o(.text.TIMER1_IRQHandler)
    [Anonymous Symbol]                       0x000005e0   Section        0  irq_timer.o(.text.TIMER3_IRQHandler)
    __NVIC_EnableIRQ                         0x000005fd   Thumb Code    48  lib_timer.o(.text.__NVIC_EnableIRQ)
    [Anonymous Symbol]                       0x000005fc   Section        0  lib_timer.o(.text.__NVIC_EnableIRQ)
    __NVIC_EnableIRQ                         0x0000062d   Thumb Code    48  lib_button.o(.text.__NVIC_EnableIRQ)
    [Anonymous Symbol]                       0x0000062c   Section        0  lib_button.o(.text.__NVIC_EnableIRQ)
    [Anonymous Symbol]                       0x0000065c   Section        0  lib_timer.o(.text.enable_timer)
    [Anonymous Symbol]                       0x000006c8   Section        0  lib_timer.o(.text.init_timer_SRI)
    [Anonymous Symbol]                       0x0000079c   Section        0  main.o(.text.main)
    [Anonymous Symbol]                       0x000007c8   Section        0  lib_timer.o(.text.read_timer)
    P4                                       0x0000083c   Section       52  insertionsort.o(P4)
    .bss                                     0x10000008   Section       96  libspace.o(.bss)
    Heap_Mem                                 0x10000080   Data           0  startup_lpc17xx.o(HEAP)
    Stack_Mem                                0x10000080   Data        1024  startup_lpc17xx.o(STACK)
    HEAP                                     0x10000080   Section        0  startup_lpc17xx.o(HEAP)
    STACK                                    0x10000080   Section     1024  startup_lpc17xx.o(STACK)
    __initial_sp                             0x10000480   Data           0  startup_lpc17xx.o(STACK)

    Global Symbols

    Symbol Name                              Value     Ov Type        Size  Object(Section)

    BuildAttributes$$THM_ISAv4$P$D$K$B$S$PE$A:L22UL41UL21$X:L11$S22US41US21$IEEE1$IW$~IW$USESV6$~STKCKD$USESV7$~SHL$OSPACE$ROPI$EBA8$UX$STANDARDLIB$REQ8$EABIv2 0x00000000   Number         0  anon$$obj.o ABSOLUTE
    __Vectors                                0x00000000   Data           4  startup_lpc17xx.o(RESET)
    __fp_init_empty                          0x00000000   Number         0  fpinit_empty.o ABSOLUTE
    __ARM_exceptions_init                     - Undefined Weak Reference
    __alloca_initialize                       - Undefined Weak Reference
    __arm_preinit_                            - Undefined Weak Reference
    __arm_relocate_pie_                       - Undefined Weak Reference
    __cpp_initialize__aeabi_                  - Undefined Weak Reference
    __cxa_finalize                            - Undefined Weak Reference
    __rt_locale                               - Undefined Weak Reference
    __sigvec_lookup                           - Undefined Weak Reference
    _atexit_init                              - Undefined Weak Reference
    _call_atexit_fns                          - Undefined Weak Reference
    _clock_init                               - Undefined Weak Reference
    _fp_trap_init                             - Undefined Weak Reference
    _fp_trap_shutdown                         - Undefined Weak Reference
    _get_lc_collate                           - Undefined Weak Reference
    _get_lc_ctype                             - Undefined Weak Reference
    _get_lc_monetary                          - Undefined Weak Reference
    _get_lc_numeric                           - Undefined Weak Reference
    _get_lc_time                              - Undefined Weak Reference
    _getenv_init                              - Undefined Weak Reference
    _handle_redirection                       - Undefined Weak Reference
    _init_alloc                               - Undefined Weak Reference
    _init_user_alloc                          - Undefined Weak Reference
    _initio                                   - Undefined Weak Reference
    _rand_init                                - Undefined Weak Reference
    _signal_finish                            - Undefined Weak Reference
    _signal_init                              - Undefined Weak Reference
    _terminate_alloc                          - Undefined Weak Reference
    _terminate_user_alloc                     - Undefined Weak Reference
    _terminateio                              - Undefined Weak Reference
    __main                                   0x000000cd   Thumb Code     8  __main.o(!!!main)
    __scatterload                            0x000000d5   Thumb Code     0  __scatter.o(!!!scatter)
    __scatterload_rt2                        0x000000d5   Thumb Code    84  __scatter.o(!!!scatter)
    __scatterload_rt2_thumb_only             0x000000d5   Thumb Code     0  __scatter.o(!!!scatter)
    __scatterload_loop                       0x000000df   Thumb Code     0  __scatter.o(!!!scatter)
    __scatterload_copy                       0x00000131   Thumb Code    26  __scatter_copy.o(!!handler_copy)
    __scatterload_null                       0x0000014d   Thumb Code     2  __scatter.o(!!handler_null)
    __scatterload_zeroinit                   0x00000151   Thumb Code    28  __scatter_zi.o(!!handler_zi)
    __rt_lib_init                            0x0000016d   Thumb Code     0  libinit.o(.ARM.Collect$$libinit$$00000000)
    __rt_lib_init_alloca_1                   0x0000016f   Thumb Code     0  libinit2.o(.ARM.Collect$$libinit$$00000030)
    __rt_lib_init_argv_1                     0x0000016f   Thumb Code     0  libinit2.o(.ARM.Collect$$libinit$$0000002E)
    __rt_lib_init_atexit_1                   0x0000016f   Thumb Code     0  libinit2.o(.ARM.Collect$$libinit$$0000001D)
    __rt_lib_init_clock_1                    0x0000016f   Thumb Code     0  libinit2.o(.ARM.Collect$$libinit$$00000023)
    __rt_lib_init_cpp_1                      0x0000016f   Thumb Code     0  libinit2.o(.ARM.Collect$$libinit$$00000034)
    __rt_lib_init_exceptions_1               0x0000016f   Thumb Code     0  libinit2.o(.ARM.Collect$$libinit$$00000032)
    __rt_lib_init_fp_1                       0x0000016f   Thumb Code     0  libinit2.o(.ARM.Collect$$libinit$$00000002)
    __rt_lib_init_fp_trap_1                  0x0000016f   Thumb Code     0  libinit2.o(.ARM.Collect$$libinit$$00000021)
    __rt_lib_init_getenv_1                   0x0000016f   Thumb Code     0  libinit2.o(.ARM.Collect$$libinit$$00000025)
    __rt_lib_init_heap_1                     0x0000016f   Thumb Code     0  libinit2.o(.ARM.Collect$$libinit$$0000000C)
    __rt_lib_init_lc_collate_1               0x0000016f   Thumb Code     0  libinit2.o(.ARM.Collect$$libinit$$00000013)
    __rt_lib_init_lc_ctype_1                 0x0000016f   Thumb Code     0  libinit2.o(.ARM.Collect$$libinit$$00000015)
    __rt_lib_init_lc_monetary_1              0x0000016f   Thumb Code     0  libinit2.o(.ARM.Collect$$libinit$$00000017)
    __rt_lib_init_lc_numeric_1               0x0000016f   Thumb Code     0  libinit2.o(.ARM.Collect$$libinit$$00000019)
    __rt_lib_init_lc_time_1                  0x0000016f   Thumb Code     0  libinit2.o(.ARM.Collect$$libinit$$0000001B)
    __rt_lib_init_preinit_1                  0x0000016f   Thumb Code     0  libinit2.o(.ARM.Collect$$libinit$$00000006)
    __rt_lib_init_rand_1                     0x0000016f   Thumb Code     0  libinit2.o(.ARM.Collect$$libinit$$00000010)
    __rt_lib_init_relocate_pie_1             0x0000016f   Thumb Code     0  libinit2.o(.ARM.Collect$$libinit$$00000004)
    __rt_lib_init_return                     0x0000016f   Thumb Code     0  libinit2.o(.ARM.Collect$$libinit$$00000035)
    __rt_lib_init_signal_1                   0x0000016f   Thumb Code     0  libinit2.o(.ARM.Collect$$libinit$$0000001F)
    __rt_lib_init_stdio_1                    0x0000016f   Thumb Code     0  libinit2.o(.ARM.Collect$$libinit$$00000027)
    __rt_lib_init_user_alloc_1               0x0000016f   Thumb Code     0  libinit2.o(.ARM.Collect$$libinit$$0000000E)
    __rt_lib_shutdown                        0x00000171   Thumb Code     0  libshutdown.o(.ARM.Collect$$libshutdown$$00000000)
    __rt_lib_shutdown_cpp_1                  0x00000173   Thumb Code     0  libshutdown2.o(.ARM.Collect$$libshutdown$$00000002)
    __rt_lib_shutdown_fp_trap_1              0x00000173   Thumb Code     0  libshutdown2.o(.ARM.Collect$$libshutdown$$00000007)
    __rt_lib_shutdown_heap_1                 0x00000173   Thumb Code     0  libshutdown2.o(.ARM.Collect$$libshutdown$$0000000F)
    __rt_lib_shutdown_return                 0x00000173   Thumb Code     0  libshutdown2.o(.ARM.Collect$$libshutdown$$00000010)
    __rt_lib_shutdown_signal_1               0x00000173   Thumb Code     0  libshutdown2.o(.ARM.Collect$$libshutdown$$0000000A)
    __rt_lib_shutdown_stdio_1                0x00000173   Thumb Code     0  libshutdown2.o(.ARM.Collect$$libshutdown$$00000004)
    __rt_lib_shutdown_user_alloc_1           0x00000173   Thumb Code     0  libshutdown2.o(.ARM.Collect$$libshutdown$$0000000C)
    __rt_entry                               0x00000175   Thumb Code     0  __rtentry.o(.ARM.Collect$$rtentry$$00000000)
    __rt_entry_presh_1                       0x00000175   Thumb Code     0  __rtentry2.o(.ARM.Collect$$rtentry$$00000002)
    __rt_entry_sh                            0x00000175   Thumb Code     0  __rtentry4.o(.ARM.Collect$$rtentry$$00000004)
    __rt_entry_li                            0x0000017b   Thumb Code     0  __rtentry2.o(.ARM.Collect$$rtentry$$0000000A)
    __rt_entry_postsh_1                      0x0000017b   Thumb Code     0  __rtentry2.o(.ARM.Collect$$rtentry$$00000009)
    __rt_entry_main                          0x0000017f   Thumb Code     0  __rtentry2.o(.ARM.Collect$$rtentry$$0000000D)
    __rt_entry_postli_1                      0x0000017f   Thumb Code     0  __rtentry2.o(.ARM.Collect$$rtentry$$0000000C)
    __rt_exit                                0x00000187   Thumb Code     0  rtexit.o(.ARM.Collect$$rtexit$$00000000)
    __rt_exit_ls                             0x00000189   Thumb Code     0  rtexit2.o(.ARM.Collect$$rtexit$$00000003)
    __rt_exit_prels_1                        0x00000189   Thumb Code     0  rtexit2.o(.ARM.Collect$$rtexit$$00000002)
    __rt_exit_exit                           0x0000018d   Thumb Code     0  rtexit2.o(.ARM.Collect$$rtexit$$00000004)
    Reset_Handler                            0x00000195   Thumb Code     4  startup_lpc17xx.o(.text)
    NMI_Handler                              0x000001af   Thumb Code     2  startup_lpc17xx.o(.text)
    HardFault_Handler                        0x000001b1   Thumb Code     2  startup_lpc17xx.o(.text)
    MemManage_Handler                        0x000001b3   Thumb Code     2  startup_lpc17xx.o(.text)
    BusFault_Handler                         0x000001b5   Thumb Code     2  startup_lpc17xx.o(.text)
    UsageFault_Handler                       0x000001b7   Thumb Code     2  startup_lpc17xx.o(.text)
    DebugMon_Handler                         0x000001b9   Thumb Code     2  startup_lpc17xx.o(.text)
    SVC_Handler                              0x000001b9   Thumb Code     0  startup_lpc17xx.o(.text)
    PendSV_Handler                           0x000001bb   Thumb Code     2  startup_lpc17xx.o(.text)
    SysTick_Handler                          0x000001bd   Thumb Code     2  startup_lpc17xx.o(.text)
    ADC_IRQHandler                           0x000001bf   Thumb Code     0  startup_lpc17xx.o(.text)
    BOD_IRQHandler                           0x000001bf   Thumb Code     0  startup_lpc17xx.o(.text)
    CANActivity_IRQHandler                   0x000001bf   Thumb Code     0  startup_lpc17xx.o(.text)
    CAN_IRQHandler                           0x000001bf   Thumb Code     0  startup_lpc17xx.o(.text)
    DMA_IRQHandler                           0x000001bf   Thumb Code     0  startup_lpc17xx.o(.text)
    EINT3_IRQHandler                         0x000001bf   Thumb Code     0  startup_lpc17xx.o(.text)
    ENET_IRQHandler                          0x000001bf   Thumb Code     0  startup_lpc17xx.o(.text)
    I2C0_IRQHandler                          0x000001bf   Thumb Code     0  startup_lpc17xx.o(.text)
    I2C1_IRQHandler                          0x000001bf   Thumb Code     0  startup_lpc17xx.o(.text)
    I2C2_IRQHandler                          0x000001bf   Thumb Code     0  startup_lpc17xx.o(.text)
    I2S_IRQHandler                           0x000001bf   Thumb Code     0  startup_lpc17xx.o(.text)
    MCPWM_IRQHandler                         0x000001bf   Thumb Code     0  startup_lpc17xx.o(.text)
    PLL0_IRQHandler                          0x000001bf   Thumb Code     0  startup_lpc17xx.o(.text)
    PLL1_IRQHandler                          0x000001bf   Thumb Code     0  startup_lpc17xx.o(.text)
    PWM1_IRQHandler                          0x000001bf   Thumb Code     0  startup_lpc17xx.o(.text)
    QEI_IRQHandler                           0x000001bf   Thumb Code     0  startup_lpc17xx.o(.text)
    RIT_IRQHandler                           0x000001bf   Thumb Code     0  startup_lpc17xx.o(.text)
    RTC_IRQHandler                           0x000001bf   Thumb Code     0  startup_lpc17xx.o(.text)
    SPI_IRQHandler                           0x000001bf   Thumb Code     0  startup_lpc17xx.o(.text)
    SSP0_IRQHandler                          0x000001bf   Thumb Code     0  startup_lpc17xx.o(.text)
    SSP1_IRQHandler                          0x000001bf   Thumb Code     0  startup_lpc17xx.o(.text)
    UART0_IRQHandler                         0x000001bf   Thumb Code     0  startup_lpc17xx.o(.text)
    UART1_IRQHandler                         0x000001bf   Thumb Code     0  startup_lpc17xx.o(.text)
    UART2_IRQHandler                         0x000001bf   Thumb Code     0  startup_lpc17xx.o(.text)
    UART3_IRQHandler                         0x000001bf   Thumb Code     0  startup_lpc17xx.o(.text)
    USBActivity_IRQHandler                   0x000001bf   Thumb Code     0  startup_lpc17xx.o(.text)
    USB_IRQHandler                           0x000001bf   Thumb Code     0  startup_lpc17xx.o(.text)
    WDT_IRQHandler                           0x000001bf   Thumb Code     0  startup_lpc17xx.o(.text)
    __user_initial_stackheap                 0x000001c1   Thumb Code     0  startup_lpc17xx.o(.text)
    __use_two_region_memory                  0x000001dd   Thumb Code     2  heapauxi.o(.text)
    __rt_heap_escrow$2region                 0x000001df   Thumb Code     2  heapauxi.o(.text)
    __rt_heap_expand$2region                 0x000001e1   Thumb Code     2  heapauxi.o(.text)
    __user_setup_stackheap                   0x000001e3   Thumb Code    74  sys_stackheap_outer.o(.text)
    exit                                     0x0000022d   Thumb Code    18  exit.o(.text)
    __user_libspace                          0x00000241   Thumb Code     8  libspace.o(.text)
    __user_perproc_libspace                  0x00000241   Thumb Code     0  libspace.o(.text)
    __user_perthread_libspace                0x00000241   Thumb Code     0  libspace.o(.text)
    _sys_exit                                0x00000249   Thumb Code     8  sys_exit.o(.text)
    __I$use$semihosting                      0x00000255   Thumb Code     0  use_no_semi.o(.text)
    __use_no_semihosting_swi                 0x00000255   Thumb Code     2  use_no_semi.o(.text)
    __semihosting_library_function           0x00000257   Thumb Code     0  indicate_semi.o(.text)
    BUTTON_init                              0x00000259   Thumb Code    98  lib_button.o(.text.BUTTON_init)
    EINT1_IRQHandler                         0x000002bd   Thumb Code    52  irq_button.o(.text.EINT1_IRQHandler)
    TIMER2_IRQHandler                        0x000002f1   Thumb Code    12  irq_timer.o(.text.TIMER2_IRQHandler)
    EINT0_IRQHandler                         0x00000301   Thumb Code   138  irq_button.o(.text.EINT0_IRQHandler)
    EINT2_IRQHandler                         0x0000038d   Thumb Code    18  irq_button.o(.text.EINT2_IRQHandler)
    LED_Off                                  0x000003a1   Thumb Code    48  funct_led.o(.text.LED_Off)
    LED_On                                   0x000003d1   Thumb Code    48  funct_led.o(.text.LED_On)
    LED_init                                 0x00000401   Thumb Code    60  lib_led.o(.text.LED_init)
    SystemInit                               0x0000043d   Thumb Code   388  system_lpc17xx.o(.text.SystemInit)
    TIMER0_IRQHandler                        0x000005c1   Thumb Code    14  irq_timer.o(.text.TIMER0_IRQHandler)
    TIMER1_IRQHandler                        0x000005d1   Thumb Code    14  irq_timer.o(.text.TIMER1_IRQHandler)
    TIMER3_IRQHandler                        0x000005e1   Thumb Code    28  irq_timer.o(.text.TIMER3_IRQHandler)
    enable_timer                             0x0000065d   Thumb Code   108  lib_timer.o(.text.enable_timer)
    init_timer_SRI                           0x000006c9   Thumb Code   210  lib_timer.o(.text.init_timer_SRI)
    main                                     0x0000079d   Thumb Code    42  main.o(.text.main)
    read_timer                               0x000007c9   Thumb Code   116  lib_timer.o(.text.read_timer)
    insertionSort                            0x0000083d   Thumb Code    52  insertionsort.o(P4)
    led_mask                                 0x00000870   Data          32  funct_led.o(.rodata.led_mask)
    Region$$Table$$Base                      0x00000890   Number         0  anon$$obj.o(Region$$Table)
    Region$$Table$$Limit                     0x000008b0   Number         0  anon$$obj.o(Region$$Table)
    state                                    0x10000000   Data           4  irq_button.o(.data.state)
    __libspace_start                         0x10000008   Data          96  libspace.o(.bss)
    __temporary_stack_top$libspace           0x10000068   Data           0  libspace.o(.bss)
    array                                    0x10000068   Data           5  irq_button.o(.bss.array)
    index                                    0x10000070   Data           4  irq_button.o(.bss.index)
    led_value                                0x10000074   Data           1  lib_led.o(.bss.led_value)
    tick                                     0x10000078   Data           4  lib_timer.o(.bss.tick)



==============================================================================

Memory Map of the image

  Image Entry point : 0x00000195

  Load Region LR_1 (Base: 0x00000000, Size: 0x000008b4, Max: 0xffffffff, ABSOLUTE)

    Execution Region ER_RO (Exec base: 0x00000000, Load base: 0x00000000, Size: 0x000008b0, Max: 0xffffffff, ABSOLUTE)

    Exec Addr    Load Addr    Size         Type   Attr      Idx    E Section Name        Object

    0x00000000   0x00000000   0x000000cc   Data   RO          108    RESET               startup_lpc17xx.o
    0x000000cc   0x000000cc   0x00000008   Code   RO          136  * !!!main             c_w.l(__main.o)
    0x000000d4   0x000000d4   0x0000005c   Code   RO          311    !!!scatter          c_w.l(__scatter.o)
    0x00000130   0x00000130   0x0000001a   Code   RO          315    !!handler_copy      c_w.l(__scatter_copy.o)
    0x0000014a   0x0000014a   0x00000002   PAD
    0x0000014c   0x0000014c   0x00000002   Code   RO          312    !!handler_null      c_w.l(__scatter.o)
    0x0000014e   0x0000014e   0x00000002   PAD
    0x00000150   0x00000150   0x0000001c   Code   RO          317    !!handler_zi        c_w.l(__scatter_zi.o)
    0x0000016c   0x0000016c   0x00000002   Code   RO          173    .ARM.Collect$$libinit$$00000000  c_w.l(libinit.o)
    0x0000016e   0x0000016e   0x00000000   Code   RO          186    .ARM.Collect$$libinit$$00000002  c_w.l(libinit2.o)
    0x0000016e   0x0000016e   0x00000000   Code   RO          188    .ARM.Collect$$libinit$$00000004  c_w.l(libinit2.o)
    0x0000016e   0x0000016e   0x00000000   Code   RO          190    .ARM.Collect$$libinit$$00000006  c_w.l(libinit2.o)
    0x0000016e   0x0000016e   0x00000000   Code   RO          193    .ARM.Collect$$libinit$$0000000C  c_w.l(libinit2.o)
    0x0000016e   0x0000016e   0x00000000   Code   RO          195    .ARM.Collect$$libinit$$0000000E  c_w.l(libinit2.o)
    0x0000016e   0x0000016e   0x00000000   Code   RO          197    .ARM.Collect$$libinit$$00000010  c_w.l(libinit2.o)
    0x0000016e   0x0000016e   0x00000000   Code   RO          200    .ARM.Collect$$libinit$$00000013  c_w.l(libinit2.o)
    0x0000016e   0x0000016e   0x00000000   Code   RO          202    .ARM.Collect$$libinit$$00000015  c_w.l(libinit2.o)
    0x0000016e   0x0000016e   0x00000000   Code   RO          204    .ARM.Collect$$libinit$$00000017  c_w.l(libinit2.o)
    0x0000016e   0x0000016e   0x00000000   Code   RO          206    .ARM.Collect$$libinit$$00000019  c_w.l(libinit2.o)
    0x0000016e   0x0000016e   0x00000000   Code   RO          208    .ARM.Collect$$libinit$$0000001B  c_w.l(libinit2.o)
    0x0000016e   0x0000016e   0x00000000   Code   RO          210    .ARM.Collect$$libinit$$0000001D  c_w.l(libinit2.o)
    0x0000016e   0x0000016e   0x00000000   Code   RO          212    .ARM.Collect$$libinit$$0000001F  c_w.l(libinit2.o)
    0x0000016e   0x0000016e   0x00000000   Code   RO          214    .ARM.Collect$$libinit$$00000021  c_w.l(libinit2.o)
    0x0000016e   0x0000016e   0x00000000   Code   RO          216    .ARM.Collect$$libinit$$00000023  c_w.l(libinit2.o)
    0x0000016e   0x0000016e   0x00000000   Code   RO          218    .ARM.Collect$$libinit$$00000025  c_w.l(libinit2.o)
    0x0000016e   0x0000016e   0x00000000   Code   RO          220    .ARM.Collect$$libinit$$00000027  c_w.l(libinit2.o)
    0x0000016e   0x0000016e   0x00000000   Code   RO          224    .ARM.Collect$$libinit$$0000002E  c_w.l(libinit2.o)
    0x0000016e   0x0000016e   0x00000000   Code   RO          226    .ARM.Collect$$libinit$$00000030  c_w.l(libinit2.o)
    0x0000016e   0x0000016e   0x00000000   Code   RO          228    .ARM.Collect$$libinit$$00000032  c_w.l(libinit2.o)
    0x0000016e   0x0000016e   0x00000000   Code   RO          230    .ARM.Collect$$libinit$$00000034  c_w.l(libinit2.o)
    0x0000016e   0x0000016e   0x00000002   Code   RO          231    .ARM.Collect$$libinit$$00000035  c_w.l(libinit2.o)
    0x00000170   0x00000170   0x00000002   Code   RO          266    .ARM.Collect$$libshutdown$$00000000  c_w.l(libshutdown.o)
    0x00000172   0x00000172   0x00000000   Code   RO          294    .ARM.Collect$$libshutdown$$00000002  c_w.l(libshutdown2.o)
    0x00000172   0x00000172   0x00000000   Code   RO          296    .ARM.Collect$$libshutdown$$00000004  c_w.l(libshutdown2.o)
    0x00000172   0x00000172   0x00000000   Code   RO          299    .ARM.Collect$$libshutdown$$00000007  c_w.l(libshutdown2.o)
    0x00000172   0x00000172   0x00000000   Code   RO          302    .ARM.Collect$$libshutdown$$0000000A  c_w.l(libshutdown2.o)
    0x00000172   0x00000172   0x00000000   Code   RO          304    .ARM.Collect$$libshutdown$$0000000C  c_w.l(libshutdown2.o)
    0x00000172   0x00000172   0x00000000   Code   RO          307    .ARM.Collect$$libshutdown$$0000000F  c_w.l(libshutdown2.o)
    0x00000172   0x00000172   0x00000002   Code   RO          308    .ARM.Collect$$libshutdown$$00000010  c_w.l(libshutdown2.o)
    0x00000174   0x00000174   0x00000000   Code   RO          138    .ARM.Collect$$rtentry$$00000000  c_w.l(__rtentry.o)
    0x00000174   0x00000174   0x00000000   Code   RO          144    .ARM.Collect$$rtentry$$00000002  c_w.l(__rtentry2.o)
    0x00000174   0x00000174   0x00000006   Code   RO          156    .ARM.Collect$$rtentry$$00000004  c_w.l(__rtentry4.o)
    0x0000017a   0x0000017a   0x00000000   Code   RO          146    .ARM.Collect$$rtentry$$00000009  c_w.l(__rtentry2.o)
    0x0000017a   0x0000017a   0x00000004   Code   RO          147    .ARM.Collect$$rtentry$$0000000A  c_w.l(__rtentry2.o)
    0x0000017e   0x0000017e   0x00000000   Code   RO          149    .ARM.Collect$$rtentry$$0000000C  c_w.l(__rtentry2.o)
    0x0000017e   0x0000017e   0x00000008   Code   RO          150    .ARM.Collect$$rtentry$$0000000D  c_w.l(__rtentry2.o)
    0x00000186   0x00000186   0x00000002   Code   RO          177    .ARM.Collect$$rtexit$$00000000  c_w.l(rtexit.o)
    0x00000188   0x00000188   0x00000000   Code   RO          237    .ARM.Collect$$rtexit$$00000002  c_w.l(rtexit2.o)
    0x00000188   0x00000188   0x00000004   Code   RO          238    .ARM.Collect$$rtexit$$00000003  c_w.l(rtexit2.o)
    0x0000018c   0x0000018c   0x00000006   Code   RO          239    .ARM.Collect$$rtexit$$00000004  c_w.l(rtexit2.o)
    0x00000192   0x00000192   0x00000002   PAD
    0x00000194   0x00000194   0x00000048   Code   RO          112  * .text               startup_lpc17xx.o
    0x000001dc   0x000001dc   0x00000006   Code   RO          134    .text               c_w.l(heapauxi.o)
    0x000001e2   0x000001e2   0x0000004a   Code   RO          160    .text               c_w.l(sys_stackheap_outer.o)
    0x0000022c   0x0000022c   0x00000012   Code   RO          162    .text               c_w.l(exit.o)
    0x0000023e   0x0000023e   0x00000002   PAD
    0x00000240   0x00000240   0x00000008   Code   RO          174    .text               c_w.l(libspace.o)
    0x00000248   0x00000248   0x0000000c   Code   RO          232    .text               c_w.l(sys_exit.o)
    0x00000254   0x00000254   0x00000002   Code   RO          255    .text               c_w.l(use_no_semi.o)
    0x00000256   0x00000256   0x00000000   Code   RO          257    .text               c_w.l(indicate_semi.o)
    0x00000256   0x00000256   0x00000002   PAD
    0x00000258   0x00000258   0x00000062   Code   RO           64    .text.BUTTON_init   lib_button.o
    0x000002ba   0x000002ba   0x00000002   PAD
    0x000002bc   0x000002bc   0x00000034   Code   RO           50    .text.EINT1_IRQHandler  irq_button.o
    0x000002f0   0x000002f0   0x0000000c   Code   RO           15    .text.TIMER2_IRQHandler  irq_timer.o
    0x000002fc   0x000002fc   0x00000004   Code   RO          109    .ARM.__at_0x02FC    startup_lpc17xx.o
    0x00000300   0x00000300   0x0000008a   Code   RO           48    .text.EINT0_IRQHandler  irq_button.o
    0x0000038a   0x0000038a   0x00000002   PAD
    0x0000038c   0x0000038c   0x00000012   Code   RO           52    .text.EINT2_IRQHandler  irq_button.o
    0x0000039e   0x0000039e   0x00000002   PAD
    0x000003a0   0x000003a0   0x00000030   Code   RO           77    .text.LED_Off       funct_led.o
    0x000003d0   0x000003d0   0x00000030   Code   RO           75    .text.LED_On        funct_led.o
    0x00000400   0x00000400   0x0000003c   Code   RO           89    .text.LED_init      lib_led.o
    0x0000043c   0x0000043c   0x00000184   Code   RO          121    .text.SystemInit    system_lpc17xx.o
    0x000005c0   0x000005c0   0x0000000e   Code   RO           11    .text.TIMER0_IRQHandler  irq_timer.o
    0x000005ce   0x000005ce   0x00000002   PAD
    0x000005d0   0x000005d0   0x0000000e   Code   RO           13    .text.TIMER1_IRQHandler  irq_timer.o
    0x000005de   0x000005de   0x00000002   PAD
    0x000005e0   0x000005e0   0x0000001c   Code   RO           17    .text.TIMER3_IRQHandler  irq_timer.o
    0x000005fc   0x000005fc   0x00000030   Code   RO           36    .text.__NVIC_EnableIRQ  lib_timer.o
    0x0000062c   0x0000062c   0x00000030   Code   RO           66    .text.__NVIC_EnableIRQ  lib_button.o
    0x0000065c   0x0000065c   0x0000006c   Code   RO           26    .text.enable_timer  lib_timer.o
    0x000006c8   0x000006c8   0x000000d2   Code   RO           34    .text.init_timer_SRI  lib_timer.o
    0x0000079a   0x0000079a   0x00000002   PAD
    0x0000079c   0x0000079c   0x0000002a   Code   RO            2    .text.main          main.o
    0x000007c6   0x000007c6   0x00000002   PAD
    0x000007c8   0x000007c8   0x00000074   Code   RO           28    .text.read_timer    lib_timer.o
    0x0000083c   0x0000083c   0x00000034   Code   RO          100    P4                  insertionsort.o
    0x00000870   0x00000870   0x00000020   Data   RO           81    .rodata.led_mask    funct_led.o
    0x00000890   0x00000890   0x00000020   Data   RO          310    Region$$Table       anon$$obj.o


    Execution Region ER_RW (Exec base: 0x10000000, Load base: 0x000008b0, Size: 0x00000004, Max: 0xffffffff, ABSOLUTE)

    Exec Addr    Load Addr    Size         Type   Attr      Idx    E Section Name        Object

    0x10000000   0x000008b0   0x00000004   Data   RW           55    .data.state         irq_button.o


    Execution Region ER_ZI (Exec base: 0x10000008, Load base: 0x000008b4, Size: 0x00000478, Max: 0xffffffff, ABSOLUTE)

    Exec Addr    Load Addr    Size         Type   Attr      Idx    E Section Name        Object

    0x10000008        -       0x00000060   Zero   RW          175    .bss                c_w.l(libspace.o)
    0x10000068        -       0x00000005   Zero   RW           56    .bss.array          irq_button.o
    0x1000006d   0x000008b4   0x00000003   PAD
    0x10000070        -       0x00000004   Zero   RW           54    .bss.index          irq_button.o
    0x10000074        -       0x00000001   Zero   RW           93    .bss.led_value      lib_led.o
    0x10000075   0x000008b4   0x00000003   PAD
    0x10000078        -       0x00000004   Zero   RW           40    .bss.tick           lib_timer.o
    0x1000007c   0x000008b4   0x00000004   PAD
    0x10000080        -       0x00000000   Zero   RW          107    HEAP                startup_lpc17xx.o
    0x10000080        -       0x00000400   Zero   RW          106    STACK               startup_lpc17xx.o


==============================================================================

Image component sizes


      Code (inc. data)   RO Data    RW Data    ZI Data      Debug   Object Name

        96          0         32          0          0       2342   funct_led.o
        52          0          0          0          0        416   insertionsort.o
       208          0          0          4          9       2044   irq_button.o
        68          0          0          0          0       1392   irq_timer.o
       146          0          0          0          0       4966   lib_button.o
        60          0          0          0          1       2645   lib_led.o
       482          0          0          0          4       3944   lib_timer.o
        42          0          0          0          0        423   main.o
        76         22        204          0       1024       1120   startup_lpc17xx.o
       388          0          0          0          0       2348   system_lpc17xx.o

    ----------------------------------------------------------------------
      1632         22        268          4       1048      21640   Object Totals
         0          0         32          0          0          0   (incl. Generated)
        14          0          0          0         10          0   (incl. Padding)

    ----------------------------------------------------------------------

      Code (inc. data)   RO Data    RW Data    ZI Data      Debug   Library Member Name

         8          0          0          0          0         68   __main.o
         0          0          0          0          0          0   __rtentry.o
        12          0          0          0          0          0   __rtentry2.o
         6          0          0          0          0          0   __rtentry4.o
        94          8          0          0          0          0   __scatter.o
        26          0          0          0          0          0   __scatter_copy.o
        28          0          0          0          0          0   __scatter_zi.o
        18          0          0          0          0         80   exit.o
         6          0          0          0          0        152   heapauxi.o
         0          0          0          0          0          0   indicate_semi.o
         2          0          0          0          0          0   libinit.o
         2          0          0          0          0          0   libinit2.o
         2          0          0          0          0          0   libshutdown.o
         2          0          0          0          0          0   libshutdown2.o
         8          4          0          0         96         68   libspace.o
         2          0          0          0          0          0   rtexit.o
        10          0          0          0          0          0   rtexit2.o
        12          4          0          0          0         68   sys_exit.o
        74          0          0          0          0         80   sys_stackheap_outer.o
         2          0          0          0          0         68   use_no_semi.o

    ----------------------------------------------------------------------
       324         16          0          0         96        584   Library Totals
        10          0          0          0          0          0   (incl. Padding)

    ----------------------------------------------------------------------

      Code (inc. data)   RO Data    RW Data    ZI Data      Debug   Library Name

       314         16          0          0         96        584   c_w.l

    ----------------------------------------------------------------------
       324         16          0          0         96        584   Library Totals

    ----------------------------------------------------------------------

==============================================================================


      Code (inc. data)   RO Data    RW Data    ZI Data      Debug   

      1956         38        268          4       1144      21992   Grand Totals
      1956         38        268          4       1144      21992   ELF Image Totals
      1956         38        268          4          0          0   ROM Totals

==============================================================================

    Total RO  Size (Code + RO Data)                 2224 (   2.17kB)
    Total RW  Size (RW Data + ZI Data)              1148 (   1.12kB)
    Total ROM Size (Code + RO Data + RW Data)       2228 (   2.18kB)

==============================================================================

