<html>
<body>
<pre>
<h1>µVision Build Log</h1>
<h2>Tool Versions:</h2>
IDE-Version: µVision V5.41.0.0
Copyright (C) 2024 ARM Ltd and ARM Germany GmbH. All rights reserved.
License Information: XEN XEN, Polito, LIC=----
 
Tool Versions:
Toolchain:       MDK-Lite  Version: 5.41.0.0
Toolchain Path:  C:\Users\XEN\AppData\Local\Keil_v5\ARM\ARMCLANG\Bin
C Compiler:      ArmClang.exe V6.22
Assembler:       Armasm.exe V6.22
Linker/Locator:  ArmLink.exe V6.22
Library Manager: ArmAr.exe V6.22
Hex Converter:   FromElf.exe V6.22
CPU DLL:         SARMCM3.DLL V5.41.0.0
Dialog DLL:      DARMP1.DLL V1.28.1.0
Target DLL:      UL2CM3.DLL V1.164.14.0
Dialog DLL:      TCM.DLL V1.56.4.0
 
<h2>Project:</h2>
X:\1 Learning\1 Polito Master\1 computer arch\1 ARM\-- Exams\1 call\1 call 20240212 +-\- 20240212A Template_v1.2 -\Template.uvprojx
Project File Date:  01/22/2025

<h2>Output:</h2>
*** Using Compiler 'V6.22', folder: 'C:\Users\XEN\AppData\Local\Keil_v5\ARM\ARMCLANG\Bin'
Build target 'Target_1'
Button/IRQ_button.c(109): warning: incompatible pointer types passing 'unsigned char (*)[10][8]' to parameter of type 'char *' [-Wincompatible-pointer-types]
  109 | char iterations = mazeSolver(NUM_ROWS, NUM_COLUMNS, &MAZE);
      |                                                     ^~~~~
Button/IRQ_button.c(22): note: passing argument to parameter 'maze' here
   22 | extern char mazeSolver(char row, char col, char *maze);
      |                                                  ^
Button/IRQ_button.c(109): warning: unused variable 'iterations' [-Wunused-variable]
  109 | char iterations = mazeSolver(NUM_ROWS, NUM_COLUMNS, &MAZE);
      |      ^~~~~~~~~~
2 warnings generated.
compiling IRQ_button.c...
linking...
Program Size: Code=2604 RO-data=320 RW-data=84 ZI-data=1208  
".\Objects\Template.axf" - 0 Error(s), 2 Warning(s).

<h2>Software Packages used:</h2>

Package Vendor: ARM
                https://www.keil.com/pack/ARM.CMSIS.6.1.0.pack
                ARM::CMSIS@6.1.0
                CMSIS (Common Microcontroller Software Interface Standard)
   * Component: CORE Version: 6.1.0

Package Vendor: Keil
                http://www.keil.com/pack/Keil.LPC1700_DFP.2.7.1.pack
                Keil::LPC1700_DFP@2.7.1
                NXP LPC1700 Series Device Support, Drivers and Examples for MCB1700 and LPC1788-32
   * Component: Startup Version: 1.0.0

<h2>Collection of Component include folders:</h2>
  ./RTE/Device/LPC1768
  ./RTE/_Target_1
  C:/Users/XEN/AppData/Local/Arm/Packs/ARM/CMSIS/6.1.0/CMSIS/Core/Include
  C:/Users/XEN/AppData/Local/Arm/Packs/Keil/LPC1700_DFP/2.7.1/Device/Include

<h2>Collection of Component Files used:</h2>

   * Component: ARM::CMSIS:CORE@6.1.0

   * Component: Keil::Device:Startup@1.0.0
      Include file:  RTE_Driver/Config/RTE_Device.h
      Source file:   Device/Source/system_LPC17xx.c
      Include file:  Device/Include/LPC17xx.h
      Source file:   Device/Source/ARM/startup_LPC17xx.s
Build Time Elapsed:  00:00:00
</pre>
</body>
</html>
