Component: Arm Compiler for Embedded 6.22 Tool: armlink [5ee90200]

==============================================================================

Section Cross References

    main.o(.text.main) refers to system_lpc17xx.o(.text.SystemInit) for SystemInit
    main.o(.text.main) refers to lib_button.o(.text.BUTTON_init) for BUTTON_init
    main.o(.text.main) refers to main.o(.data.pacmanMap) for pacmanMap
    main.o(.text.main) refers to main.o(.bss.PacMan_pos) for PacMan_pos
    main.o(.text.main) refers to lib_joystick.o(.text.joystick_init) for joystick_init
    main.o(.text.main) refers to lib_rit.o(.text.init_RIT) for init_RIT
    main.o(.text.main) refers to lib_timer.o(.text.init_timer) for init_timer
    main.o(.text.main) refers to glcd.o(.text.LCD_Initialization) for LCD_Initialization
    main.o(.text.main) refers to main.o(.text.init_drawing) for init_drawing
    main.o(.text.main) refers to lib_timer.o(.text.enable_timer) for enable_timer
    main.o(.text.main) refers to lib_rit.o(.text.enable_RIT) for enable_RIT
    main.o(.text.main) refers to main.o(.text.pause_game) for pause_game
    main.o(.text.main) refers to main.o(.bss.Status) for Status
    main.o(.text.main) refers to main.o(.data.PacMan_dir) for PacMan_dir
    main.o(.text.main) refers to main.o(.text.PacMan_move) for PacMan_move
    main.o(.text.main) refers to main.o(.bss.Score) for Score
    main.o(.text.main) refers to main.o(.rodata.str1.1) for .L.str
    main.o(.text.main) refers to glcd.o(.text.GUI_Text) for GUI_Text
    main.o(.text.main) refers to lib_rit.o(.text.disable_RIT) for disable_RIT
    main.o(.text.main) refers to lib_timer.o(.text.disable_timer) for disable_timer
    main.o(.ARM.exidx.text.main) refers to main.o(.text.main) for [Anonymous Symbol]
    main.o(.text.init_drawing) refers to glcd.o(.text.LCD_Clear) for LCD_Clear
    main.o(.text.init_drawing) refers to main.o(.rodata.str1.1) for .L.str.1
    main.o(.text.init_drawing) refers to glcd.o(.text.GUI_Text) for GUI_Text
    main.o(.text.init_drawing) refers to irq_timer.o(.text.print_CountDown) for print_CountDown
    main.o(.text.init_drawing) refers to main.o(.text.print_Score) for print_Score
    main.o(.text.init_drawing) refers to main.o(.data.pacmanMap) for pacmanMap
    main.o(.text.init_drawing) refers to glcd.o(.text.PutChar) for PutChar
    main.o(.text.init_drawing) refers to main.o(.text.print_remaining_lives) for print_remaining_lives
    main.o(.text.init_drawing) refers to main.o(.text.placePowerPills) for placePowerPills
    main.o(.ARM.exidx.text.init_drawing) refers to main.o(.text.init_drawing) for [Anonymous Symbol]
    main.o(.text.pause_game) refers to main.o(.data.PacMan_dir) for PacMan_dir
    main.o(.text.pause_game) refers to lib_timer.o(.text.disable_timer) for disable_timer
    main.o(.text.pause_game) refers to lib_rit.o(.text.disable_RIT) for disable_RIT
    main.o(.text.pause_game) refers to main.o(.rodata.str1.1) for .L.str.4
    main.o(.text.pause_game) refers to glcd.o(.text.GUI_Text) for GUI_Text
    main.o(.ARM.exidx.text.pause_game) refers to main.o(.text.pause_game) for [Anonymous Symbol]
    main.o(.text.PacMan_move) refers to main.o(.bss.PacMan_pos) for PacMan_pos
    main.o(.text.PacMan_move) refers to main.o(.data.pacmanMap) for pacmanMap
    main.o(.text.PacMan_move) refers to main.o(.data.PacMan_dir) for PacMan_dir
    main.o(.text.PacMan_move) refers to main.o(.text.update_display) for update_display
    main.o(.text.PacMan_move) refers to main.o(.bss.Score) for Score
    main.o(.text.PacMan_move) refers to main.o(.text.print_Score) for print_Score
    main.o(.text.PacMan_move) refers to main.o(.bss.tmp_score) for tmp_score
    main.o(.text.PacMan_move) refers to main.o(.data.Remaining_lives) for Remaining_lives
    main.o(.text.PacMan_move) refers to main.o(.text.print_remaining_lives) for print_remaining_lives
    main.o(.text.PacMan_move) refers to main.o(.data.POWER_PILLS) for POWER_PILLS
    main.o(.ARM.exidx.text.PacMan_move) refers to main.o(.text.PacMan_move) for [Anonymous Symbol]
    main.o(.text.print_Score) refers to main.o(.bss.Score) for Score
    main.o(.text.print_Score) refers to main.o(.rodata.str1.1) for .L.str.3
    main.o(.text.print_Score) refers to sprintf.o(.text) for sprintf
    main.o(.text.print_Score) refers to glcd.o(.text.GUI_Text) for GUI_Text
    main.o(.ARM.exidx.text.print_Score) refers to main.o(.text.print_Score) for [Anonymous Symbol]
    main.o(.text.print_remaining_lives) refers to main.o(.data.Remaining_lives) for Remaining_lives
    main.o(.text.print_remaining_lives) refers to glcd.o(.text.PutChar) for PutChar
    main.o(.ARM.exidx.text.print_remaining_lives) refers to main.o(.text.print_remaining_lives) for [Anonymous Symbol]
    main.o(.text.placePowerPills) refers to main.o(.data.pacmanMap) for pacmanMap
    main.o(.text.placePowerPills) refers to main.o(.text.update_display) for update_display
[...]
    ../clib/printf.c                         0x00000000   Number         0  _printf_hex_ll.o ABSOLUTE
    ../clib/printf.c                         0x00000000   Number         0  _printf_hex_int.o ABSOLUTE
    ../clib/printf.c                         0x00000000   Number         0  _printf_hex_int_ll.o ABSOLUTE
    ../clib/printf.c                         0x00000000   Number         0  _printf_hex_ptr.o ABSOLUTE
    ../clib/printf.c                         0x00000000   Number         0  _printf_hex_int_ptr.o ABSOLUTE
    ../clib/printf.c                         0x00000000   Number         0  _printf_hex_ll_ptr.o ABSOLUTE
    ../clib/printf.c                         0x00000000   Number         0  _printf_hex_int_ll_ptr.o ABSOLUTE
    ../clib/printf.c                         0x00000000   Number         0  __printf_flags.o ABSOLUTE
    ../clib/printf.c                         0x00000000   Number         0  __printf_ss.o ABSOLUTE
    ../clib/printf.c                         0x00000000   Number         0  __printf_flags_ss.o ABSOLUTE
    ../clib/printf.c                         0x00000000   Number         0  __printf_wp.o ABSOLUTE
    ../clib/printf.c                         0x00000000   Number         0  __printf_flags_wp.o ABSOLUTE
    ../clib/printf.c                         0x00000000   Number         0  __printf_ss_wp.o ABSOLUTE
    ../clib/printf.c                         0x00000000   Number         0  __printf_flags_ss_wp.o ABSOLUTE
    ../clib/printf.c                         0x00000000   Number         0  _printf_intcommon.o ABSOLUTE
    ../clib/printf.c                         0x00000000   Number         0  _printf_fp_dec.o ABSOLUTE
    ../clib/printf.c                         0x00000000   Number         0  _printf_fp_dec_accurate.o ABSOLUTE
    ../clib/printf.c                         0x00000000   Number         0  _printf_fp_hex.o ABSOLUTE
    ../clib/printf.c                         0x00000000   Number         0  __printf_nopercent.o ABSOLUTE
    ../clib/printf.c                         0x00000000   Number         0  _printf_char.o ABSOLUTE
    ../clib/printf.c                         0x00000000   Number         0  _printf_wchar.o ABSOLUTE
    ../clib/printf.c                         0x00000000   Number         0  _printf_fp_infnan.o ABSOLUTE
    ../clib/printf_percent.s                 0x00000000   Number         0  _printf_c.o ABSOLUTE
    ../clib/printf_percent.s                 0x00000000   Number         0  _printf_s.o ABSOLUTE
    ../clib/printf_percent.s                 0x00000000   Number         0  _printf_n.o ABSOLUTE
    ../clib/printf_percent.s                 0x00000000   Number         0  _printf_x.o ABSOLUTE
    ../clib/printf_percent.s                 0x00000000   Number         0  _printf_p.o ABSOLUTE
    ../clib/printf_percent.s                 0x00000000   Number         0  _printf_o.o ABSOLUTE
    ../clib/printf_percent.s                 0x00000000   Number         0  _printf_i.o ABSOLUTE
    ../clib/printf_percent.s                 0x00000000   Number         0  _printf_d.o ABSOLUTE
    ../clib/printf_percent.s                 0x00000000   Number         0  _printf_u.o ABSOLUTE
    ../clib/printf_percent.s                 0x00000000   Number         0  _printf_f.o ABSOLUTE
    ../clib/printf_percent.s                 0x00000000   Number         0  _printf_e.o ABSOLUTE
    ../clib/printf_percent.s                 0x00000000   Number         0  _printf_g.o ABSOLUTE
    ../clib/printf_percent.s                 0x00000000   Number         0  _printf_a.o ABSOLUTE
    ../clib/printf_percent.s                 0x00000000   Number         0  _printf_percent.o ABSOLUTE
    ../clib/printf_percent.s                 0x00000000   Number         0  _printf_lli.o ABSOLUTE
    ../clib/printf_percent.s                 0x00000000   Number         0  _printf_lld.o ABSOLUTE
    ../clib/printf_percent.s                 0x00000000   Number         0  _printf_llu.o ABSOLUTE
    ../clib/printf_percent.s                 0x00000000   Number         0  _printf_ll.o ABSOLUTE
    ../clib/printf_percent.s                 0x00000000   Number         0  _printf_l.o ABSOLUTE
    ../clib/printf_percent.s                 0x00000000   Number         0  _printf_lc.o ABSOLUTE
    ../clib/printf_percent.s                 0x00000000   Number         0  _printf_ls.o ABSOLUTE
    ../clib/printf_percent.s                 0x00000000   Number         0  _printf_llo.o ABSOLUTE
    ../clib/printf_percent.s                 0x00000000   Number         0  _printf_llx.o ABSOLUTE
    ../clib/printf_percent.s                 0x00000000   Number         0  _printf_percent_end.o ABSOLUTE
    ../clib/signal.c                         0x00000000   Number         0  defsig_fpe_outer.o ABSOLUTE
    ../clib/signal.c                         0x00000000   Number         0  defsig_fpe_formal.o ABSOLUTE
    ../clib/signal.c                         0x00000000   Number         0  defsig_exit.o ABSOLUTE
    ../clib/signal.c                         0x00000000   Number         0  defsig_fpe_inner.o ABSOLUTE
    ../clib/signal.c                         0x00000000   Number         0  __raise.o ABSOLUTE
    ../clib/signal.c                         0x00000000   Number         0  defsig_general.o ABSOLUTE
    ../clib/signal.c                         0x00000000   Number         0  defsig_abrt_inner.o ABSOLUTE
    ../clib/signal.c                         0x00000000   Number         0  defsig_rtred_inner.o ABSOLUTE
    ../clib/signal.c                         0x00000000   Number         0  defsig_rtmem_inner.o ABSOLUTE
    ../clib/signal.c                         0x00000000   Number         0  defsig_rtmem_outer.o ABSOLUTE
    ../clib/signal.c                         0x00000000   Number         0  defsig_rtmem_formal.o ABSOLUTE
    ../clib/signal.c                         0x00000000   Number         0  defsig_stak_inner.o ABSOLUTE
    ../clib/signal.c                         0x00000000   Number         0  defsig_pvfn_inner.o ABSOLUTE
    ../clib/signal.c                         0x00000000   Number         0  defsig_cppl_inner.o ABSOLUTE
    ../clib/signal.c                         0x00000000   Number         0  defsig_segv_inner.o ABSOLUTE
    ../clib/signal.c                         0x00000000   Number         0  defsig_other.o ABSOLUTE
    ../clib/signal.s                         0x00000000   Number         0  defsig.o ABSOLUTE
    ../clib/stdlib.c                         0x00000000   Number         0  exit.o ABSOLUTE
    ../fplib/fpinit.s                        0x00000000   Number         0  fpinit.o ABSOLUTE
    ../fplib/fpinit_empty.s                  0x00000000   Number         0  fpinit_empty.o ABSOLUTE
    ../fplib/istatus.s                       0x00000000   Number         0  istatus.o ABSOLUTE
    ../fplib/printf1.s                       0x00000000   Number         0  printf1.o ABSOLUTE
    ../fplib/printf2.s                       0x00000000   Number         0  printf2.o ABSOLUTE
    ../fplib/printf2a.s                      0x00000000   Number         0  printf2a.o ABSOLUTE
    ../fplib/printf2b.s                      0x00000000   Number         0  printf2b.o ABSOLUTE
    ../fplib/usenofp.s                       0x00000000   Number         0  usenofp.o ABSOLUTE
    ../mathlib/fpclassify.c                  0x00000000   Number         0  fpclassify.o ABSOLUTE
    AsciiLib.c                               0x00000000   Number         0  asciilib.o ABSOLUTE
    GLCD.c                                   0x00000000   Number         0  glcd.o ABSOLUTE
    HzLib.c                                  0x00000000   Number         0  hzlib.o ABSOLUTE
    IRQ_RIT.c                                0x00000000   Number         0  irq_rit.o ABSOLUTE
    IRQ_button.c                             0x00000000   Number         0  irq_button.o ABSOLUTE
    IRQ_timer.c                              0x00000000   Number         0  irq_timer.o ABSOLUTE
    Main.c                                   0x00000000   Number         0  main.o ABSOLUTE
    PacMan move.c                            0x00000000   Number         0  pacman move.o ABSOLUTE
    RTE/Device/LPC1768/startup_LPC17xx.s     0x00000000   Number         0  startup_lpc17xx.o ABSOLUTE
    dc.s                                     0x00000000   Number         0  dc.o ABSOLUTE
    funct_led.c                              0x00000000   Number         0  funct_led.o ABSOLUTE
    lib_RIT.c                                0x00000000   Number         0  lib_rit.o ABSOLUTE
    lib_button.c                             0x00000000   Number         0  lib_button.o ABSOLUTE
    lib_joystick.c                           0x00000000   Number         0  lib_joystick.o ABSOLUTE
    lib_led.c                                0x00000000   Number         0  lib_led.o ABSOLUTE
    lib_timer.c                              0x00000000   Number         0  lib_timer.o ABSOLUTE
    system_LPC17xx.c                         0x00000000   Number         0  system_lpc17xx.o ABSOLUTE
    RESET                                    0x00000000   Section      204  startup_lpc17xx.o(RESET)
    !!!main                                  0x000000cc   Section        8  __main.o(!!!main)
    !!!scatter                               0x000000d4   Section       92  __scatter.o(!!!scatter)
    !!dclz77c                                0x00000130   Section      100  __dclz77c.o(!!dclz77c)
    !!handler_null                           0x00000194   Section        2  __scatter.o(!!handler_null)
    !!handler_zi                             0x00000198   Section       28  __scatter_zi.o(!!handler_zi)
    .ARM.Collect$$_printf_percent$$00000000  0x000001b4   Section        0  _printf_percent.o(.ARM.Collect$$_printf_percent$$00000000)
    .ARM.Collect$$_printf_percent$$00000001  0x000001b4   Section        6  _printf_n.o(.ARM.Collect$$_printf_percent$$00000001)
    .ARM.Collect$$_printf_percent$$00000002  0x000001ba   Section        6  _printf_p.o(.ARM.Collect$$_printf_percent$$00000002)
    .ARM.Collect$$_printf_percent$$00000003  0x000001c0   Section        6  _printf_f.o(.ARM.Collect$$_printf_percent$$00000003)
    .ARM.Collect$$_printf_percent$$00000004  0x000001c6   Section        6  _printf_e.o(.ARM.Collect$$_printf_percent$$00000004)
    .ARM.Collect$$_printf_percent$$00000005  0x000001cc   Section        6  _printf_g.o(.ARM.Collect$$_printf_percent$$00000005)
    .ARM.Collect$$_printf_percent$$00000006  0x000001d2   Section        6  _printf_a.o(.ARM.Collect$$_printf_percent$$00000006)
    .ARM.Collect$$_printf_percent$$00000007  0x000001d8   Section       10  _printf_ll.o(.ARM.Collect$$_printf_percent$$00000007)
    .ARM.Collect$$_printf_percent$$00000008  0x000001e2   Section        6  _printf_i.o(.ARM.Collect$$_printf_percent$$00000008)
    .ARM.Collect$$_printf_percent$$00000009  0x000001e8   Section        6  _printf_d.o(.ARM.Collect$$_printf_percent$$00000009)
    .ARM.Collect$$_printf_percent$$0000000A  0x000001ee   Section        6  _printf_u.o(.ARM.Collect$$_printf_percent$$0000000A)
    .ARM.Collect$$_printf_percent$$0000000B  0x000001f4   Section        6  _printf_o.o(.ARM.Collect$$_printf_percent$$0000000B)
    .ARM.Collect$$_printf_percent$$0000000C  0x000001fa   Section        6  _printf_x.o(.ARM.Collect$$_printf_percent$$0000000C)
    .ARM.Collect$$_printf_percent$$0000000D  0x00000200   Section        6  _printf_lli.o(.ARM.Collect$$_printf_percent$$0000000D)
    .ARM.Collect$$_printf_percent$$0000000E  0x00000206   Section        6  _printf_lld.o(.ARM.Collect$$_printf_percent$$0000000E)
    .ARM.Collect$$_printf_percent$$0000000F  0x0000020c   Section        6  _printf_llu.o(.ARM.Collect$$_printf_percent$$0000000F)
    .ARM.Collect$$_printf_percent$$00000010  0x00000212   Section        6  _printf_llo.o(.ARM.Collect$$_printf_percent$$00000010)
    .ARM.Collect$$_printf_percent$$00000011  0x00000218   Section        6  _printf_llx.o(.ARM.Collect$$_printf_percent$$00000011)
    .ARM.Collect$$_printf_percent$$00000012  0x0000021e   Section       10  _printf_l.o(.ARM.Collect$$_printf_percent$$00000012)
    .ARM.Collect$$_printf_percent$$00000013  0x00000228   Section        6  _printf_c.o(.ARM.Collect$$_printf_percent$$00000013)
    .ARM.Collect$$_printf_percent$$00000014  0x0000022e   Section        6  _printf_s.o(.ARM.Collect$$_printf_percent$$00000014)
    .ARM.Collect$$_printf_percent$$00000015  0x00000234   Section        6  _printf_lc.o(.ARM.Collect$$_printf_percent$$00000015)
    .ARM.Collect$$_printf_percent$$00000016  0x0000023a   Section        6  _printf_ls.o(.ARM.Collect$$_printf_percent$$00000016)
    .ARM.Collect$$_printf_percent$$00000017  0x00000240   Section        4  _printf_percent_end.o(.ARM.Collect$$_printf_percent$$00000017)
    .ARM.Collect$$libinit$$00000000          0x00000244   Section        2  libinit.o(.ARM.Collect$$libinit$$00000000)
    .ARM.Collect$$libinit$$00000002          0x00000246   Section        0  libinit2.o(.ARM.Collect$$libinit$$00000002)
    .ARM.Collect$$libinit$$00000004          0x00000246   Section        0  libinit2.o(.ARM.Collect$$libinit$$00000004)
    .ARM.Collect$$libinit$$00000006          0x00000246   Section        0  libinit2.o(.ARM.Collect$$libinit$$00000006)
    .ARM.Collect$$libinit$$0000000C          0x00000246   Section        0  libinit2.o(.ARM.Collect$$libinit$$0000000C)
    .ARM.Collect$$libinit$$0000000E          0x00000246   Section        0  libinit2.o(.ARM.Collect$$libinit$$0000000E)
    .ARM.Collect$$libinit$$00000010          0x00000246   Section        0  libinit2.o(.ARM.Collect$$libinit$$00000010)
    .ARM.Collect$$libinit$$00000011          0x00000246   Section        6  libinit2.o(.ARM.Collect$$libinit$$00000011)
    .ARM.Collect$$libinit$$00000013          0x0000024c   Section        0  libinit2.o(.ARM.Collect$$libinit$$00000013)
    .ARM.Collect$$libinit$$00000014          0x0000024c   Section       12  libinit2.o(.ARM.Collect$$libinit$$00000014)
    .ARM.Collect$$libinit$$00000015          0x00000258   Section        0  libinit2.o(.ARM.Collect$$libinit$$00000015)
    .ARM.Collect$$libinit$$00000017          0x00000258   Section        0  libinit2.o(.ARM.Collect$$libinit$$00000017)
    .ARM.Collect$$libinit$$00000018          0x00000258   Section       10  libinit2.o(.ARM.Collect$$libinit$$00000018)
    .ARM.Collect$$libinit$$00000019          0x00000262   Section        0  libinit2.o(.ARM.Collect$$libinit$$00000019)
    .ARM.Collect$$libinit$$0000001B          0x00000262   Section        0  libinit2.o(.ARM.Collect$$libinit$$0000001B)
    .ARM.Collect$$libinit$$0000001D          0x00000262   Section        0  libinit2.o(.ARM.Collect$$libinit$$0000001D)
    .ARM.Collect$$libinit$$0000001F          0x00000262   Section        0  libinit2.o(.ARM.Collect$$libinit$$0000001F)
    .ARM.Collect$$libinit$$00000021          0x00000262   Section        0  libinit2.o(.ARM.Collect$$libinit$$00000021)
    .ARM.Collect$$libinit$$00000023          0x00000262   Section        0  libinit2.o(.ARM.Collect$$libinit$$00000023)
    .ARM.Collect$$libinit$$00000025          0x00000262   Section        0  libinit2.o(.ARM.Collect$$libinit$$00000025)
    .ARM.Collect$$libinit$$00000027          0x00000262   Section        0  libinit2.o(.ARM.Collect$$libinit$$00000027)
    .ARM.Collect$$libinit$$0000002E          0x00000262   Section        0  libinit2.o(.ARM.Collect$$libinit$$0000002E)
    .ARM.Collect$$libinit$$00000030          0x00000262   Section        0  libinit2.o(.ARM.Collect$$libinit$$00000030)
    .ARM.Collect$$libinit$$00000032          0x00000262   Section        0  libinit2.o(.ARM.Collect$$libinit$$00000032)
    .ARM.Collect$$libinit$$00000034          0x00000262   Section        0  libinit2.o(.ARM.Collect$$libinit$$00000034)
    .ARM.Collect$$libinit$$00000035          0x00000262   Section        2  libinit2.o(.ARM.Collect$$libinit$$00000035)
    .ARM.Collect$$libshutdown$$00000000      0x00000264   Section        2  libshutdown.o(.ARM.Collect$$libshutdown$$00000000)
    .ARM.Collect$$libshutdown$$00000002      0x00000266   Section        0  libshutdown2.o(.ARM.Collect$$libshutdown$$00000002)
    .ARM.Collect$$libshutdown$$00000004      0x00000266   Section        0  libshutdown2.o(.ARM.Collect$$libshutdown$$00000004)
    .ARM.Collect$$libshutdown$$00000007      0x00000266   Section        0  libshutdown2.o(.ARM.Collect$$libshutdown$$00000007)
    .ARM.Collect$$libshutdown$$0000000A      0x00000266   Section        0  libshutdown2.o(.ARM.Collect$$libshutdown$$0000000A)
    .ARM.Collect$$libshutdown$$0000000C      0x00000266   Section        0  libshutdown2.o(.ARM.Collect$$libshutdown$$0000000C)
    .ARM.Collect$$libshutdown$$0000000F      0x00000266   Section        0  libshutdown2.o(.ARM.Collect$$libshutdown$$0000000F)
    .ARM.Collect$$libshutdown$$00000010      0x00000266   Section        2  libshutdown2.o(.ARM.Collect$$libshutdown$$00000010)
    .ARM.Collect$$rtentry$$00000000          0x00000268   Section        0  __rtentry.o(.ARM.Collect$$rtentry$$00000000)
    .ARM.Collect$$rtentry$$00000002          0x00000268   Section        0  __rtentry2.o(.ARM.Collect$$rtentry$$00000002)
    .ARM.Collect$$rtentry$$00000004          0x00000268   Section        6  __rtentry4.o(.ARM.Collect$$rtentry$$00000004)
    .ARM.Collect$$rtentry$$00000009          0x0000026e   Section        0  __rtentry2.o(.ARM.Collect$$rtentry$$00000009)
    .ARM.Collect$$rtentry$$0000000A          0x0000026e   Section        4  __rtentry2.o(.ARM.Collect$$rtentry$$0000000A)
    .ARM.Collect$$rtentry$$0000000C          0x00000272   Section        0  __rtentry2.o(.ARM.Collect$$rtentry$$0000000C)
    .ARM.Collect$$rtentry$$0000000D          0x00000272   Section        8  __rtentry2.o(.ARM.Collect$$rtentry$$0000000D)
    .ARM.Collect$$rtexit$$00000000           0x0000027a   Section        2  rtexit.o(.ARM.Collect$$rtexit$$00000000)
    .ARM.Collect$$rtexit$$00000002           0x0000027c   Section        0  rtexit2.o(.ARM.Collect$$rtexit$$00000002)
    .ARM.Collect$$rtexit$$00000003           0x0000027c   Section        4  rtexit2.o(.ARM.Collect$$rtexit$$00000003)
    .ARM.Collect$$rtexit$$00000004           0x00000280   Section        6  rtexit2.o(.ARM.Collect$$rtexit$$00000004)
    .text                                    0x00000288   Section       52  startup_lpc17xx.o(.text)
    .text                                    0x000002bc   Section        0  sprintf.o(.text)
    .text                                    0x000002e8   Section        0  heapauxi.o(.text)
    .text                                    0x000002ee   Section        0  _sputc.o(.text)
    .text                                    0x000002f8   Section        2  use_no_semi.o(.text)
    .text                                    0x000002fa   Section        0  indicate_semi.o(.text)
    x$fpl$usenofp                            0x000002fa   Section        0  usenofp.o(x$fpl$usenofp)
    .ARM.__at_0x02FC                         0x000002fc   Section        4  startup_lpc17xx.o(.ARM.__at_0x02FC)
    .text                                    0x00000300   Section        0  _printf_pad.o(.text)
    .text                                    0x0000034e   Section        0  _printf_truncate.o(.text)
    .text                                    0x00000372   Section        0  _printf_str.o(.text)
    .text                                    0x000003c4   Section        0  _printf_dec.o(.text)
    .text                                    0x0000043c   Section        0  _printf_charcount.o(.text)
    _printf_input_char                       0x00000465   Thumb Code    10  _printf_char_common.o(.text)
    .text                                    0x00000464   Section        0  _printf_char_common.o(.text)
    .text                                    0x00000494   Section        0  _printf_wctomb.o(.text)
    .text                                    0x00000550   Section        0  _printf_longlong_dec.o(.text)
    _printf_longlong_oct_internal            0x000005cd   Thumb Code     0  _printf_oct_int_ll.o(.text)
    .text                                    0x000005cc   Section        0  _printf_oct_int_ll.o(.text)
    _printf_hex_common                       0x0000063d   Thumb Code     0  _printf_hex_int_ll_ptr.o(.text)
    .text                                    0x0000063c   Section        0  _printf_hex_int_ll_ptr.o(.text)
    .text                                    0x000006d0   Section        0  __printf_flags_ss_wp.o(.text)
    .text                                    0x00000858   Section      138  lludiv10.o(.text)
    .text                                    0x000008e2   Section        0  _printf_intcommon.o(.text)
    _fp_digits                               0x00000995   Thumb Code   432  _printf_fp_dec.o(.text)
    .text                                    0x00000994   Section        0  _printf_fp_dec.o(.text)
    .text                                    0x00000db0   Section        0  _printf_fp_hex.o(.text)
    .text                                    0x000010ac   Section        0  _printf_char.o(.text)
    .text                                    0x000010d8   Section        0  _printf_wchar.o(.text)
    .text                                    0x00001104   Section        0  _c16rtomb.o(.text)
    .text                                    0x0000114c   Section       74  sys_stackheap_outer.o(.text)
    .text                                    0x00001198   Section       16  rt_ctype_table.o(.text)
    .text                                    0x000011a8   Section        8  rt_locale_intlibspace.o(.text)
    .text                                    0x000011b0   Section        0  _printf_fp_infnan.o(.text)
    .text                                    0x00001230   Section        0  bigflt0.o(.text)
    .text                                    0x00001314   Section        0  exit.o(.text)
    .text                                    0x00001328   Section        8  libspace.o(.text)
    .text                                    0x00001330   Section      128  strcmpv7m.o(.text)
    .text                                    0x000013b0   Section        0  sys_exit.o(.text)
    [Anonymous Symbol]                       0x000013bc   Section        0  lib_button.o(.text.BUTTON_init)
    [Anonymous Symbol]                       0x00001420   Section        0  irq_button.o(.text.EINT0_IRQHandler)
    [Anonymous Symbol]                       0x00001478   Section        0  irq_button.o(.text.EINT1_IRQHandler)
    [Anonymous Symbol]                       0x0000148c   Section        0  irq_button.o(.text.EINT2_IRQHandler)
    [Anonymous Symbol]                       0x000014a0   Section        0  glcd.o(.text.GUI_Text)
    [Anonymous Symbol]                       0x00001538   Section        0  asciilib.o(.text.GetASCIICode)
    [Anonymous Symbol]                       0x00001574   Section        0  glcd.o(.text.LCD_Clear)
    LCD_Configuration                        0x00001bbd   Thumb Code    32  glcd.o(.text.LCD_Configuration)
    [Anonymous Symbol]                       0x00001bbc   Section        0  glcd.o(.text.LCD_Configuration)
    [Anonymous Symbol]                       0x00001bdc   Section        0  glcd.o(.text.LCD_Initialization)
    LCD_SetCursor                            0x00004959   Thumb Code  1498  glcd.o(.text.LCD_SetCursor)
    [Anonymous Symbol]                       0x00004958   Section        0  glcd.o(.text.LCD_SetCursor)
    [Anonymous Symbol]                       0x00004f34   Section        0  glcd.o(.text.LCD_SetPoint)
    [Anonymous Symbol]                       0x00005040   Section        0  irq_timer.o(.text.Over_game)
    [Anonymous Symbol]                       0x0000507c   Section        0  main.o(.text.PacMan_move)
    [Anonymous Symbol]                       0x00005a34   Section        0  glcd.o(.text.PutChar)
    [Anonymous Symbol]                       0x00005b08   Section        0  irq_rit.o(.text.RIT_IRQHandler)
    [Anonymous Symbol]                       0x00005bac   Section        0  main.o(.text.Resume_game)
    [Anonymous Symbol]                       0x00005c3c   Section        0  system_lpc17xx.o(.text.SystemInit)
    [Anonymous Symbol]                       0x00005dc0   Section        0  irq_timer.o(.text.TIMER0_IRQHandler)
    __NVIC_EnableIRQ                         0x00005e31   Thumb Code    48  lib_button.o(.text.__NVIC_EnableIRQ)
    [Anonymous Symbol]                       0x00005e30   Section        0  lib_button.o(.text.__NVIC_EnableIRQ)
    __NVIC_EnableIRQ                         0x00005e61   Thumb Code    48  lib_rit.o(.text.__NVIC_EnableIRQ)
    [Anonymous Symbol]                       0x00005e60   Section        0  lib_rit.o(.text.__NVIC_EnableIRQ)
    __NVIC_EnableIRQ                         0x00005e91   Thumb Code    48  lib_timer.o(.text.__NVIC_EnableIRQ)
    [Anonymous Symbol]                       0x00005e90   Section        0  lib_timer.o(.text.__NVIC_EnableIRQ)
    __NVIC_SetPriority                       0x00005ec1   Thumb Code    66  lib_rit.o(.text.__NVIC_SetPriority)
    [Anonymous Symbol]                       0x00005ec0   Section        0  lib_rit.o(.text.__NVIC_SetPriority)
    __NVIC_SetPriority                       0x00005f05   Thumb Code    66  lib_timer.o(.text.__NVIC_SetPriority)
    [Anonymous Symbol]                       0x00005f04   Section        0  lib_timer.o(.text.__NVIC_SetPriority)
    [Anonymous Symbol]                       0x00005f48   Section        0  lib_rit.o(.text.disable_RIT)
    [Anonymous Symbol]                       0x00005f58   Section        0  lib_timer.o(.text.disable_timer)
    [Anonymous Symbol]                       0x00005f88   Section        0  lib_rit.o(.text.enable_RIT)
    [Anonymous Symbol]                       0x00005f98   Section        0  lib_timer.o(.text.enable_timer)
    [Anonymous Symbol]                       0x00005fc8   Section        0  lib_rit.o(.text.init_RIT)
    [Anonymous Symbol]                       0x0000602c   Section        0  main.o(.text.init_drawing)
    [Anonymous Symbol]                       0x000061ec   Section        0  lib_timer.o(.text.init_timer)
    [Anonymous Symbol]                       0x0000626c   Section        0  lib_joystick.o(.text.joystick_init)
    [Anonymous Symbol]                       0x00006290   Section        0  main.o(.text.main)
    [Anonymous Symbol]                       0x0000637c   Section        0  main.o(.text.pause_game)
    [Anonymous Symbol]                       0x000063b8   Section        0  main.o(.text.placePowerPills)
    [Anonymous Symbol]                       0x00006454   Section        0  irq_timer.o(.text.print_CountDown)
    [Anonymous Symbol]                       0x0000648c   Section        0  main.o(.text.print_Score)
    [Anonymous Symbol]                       0x000064c4   Section        0  main.o(.text.print_remaining_lives)
    [Anonymous Symbol]                       0x00006508   Section        0  main.o(.text.random)
    [Anonymous Symbol]                       0x00006560   Section        0  main.o(.text.update_display)
    CL$$btod_d2e                             0x000065c2   Section       62  btod.o(CL$$btod_d2e)
    CL$$btod_d2e_denorm_low                  0x00006600   Section       70  btod.o(CL$$btod_d2e_denorm_low)
    CL$$btod_d2e_norm_op1                    0x00006646   Section       96  btod.o(CL$$btod_d2e_norm_op1)
    CL$$btod_div_common                      0x000066a8   Section      824  btod.o(CL$$btod_div_common)
    CL$$btod_e2e                             0x000069e0   Section      220  btod.o(CL$$btod_e2e)
    CL$$btod_ediv                            0x00006abc   Section       42  btod.o(CL$$btod_ediv)
    CL$$btod_emul                            0x00006ae6   Section       42  btod.o(CL$$btod_emul)
    CL$$btod_mult_common                     0x00006b10   Section      580  btod.o(CL$$btod_mult_common)
    i.__ARM_fpclassify                       0x00006d54   Section        0  fpclassify.o(i.__ARM_fpclassify)
    i._is_digit                              0x00006d7c   Section        0  __printf_wp.o(i._is_digit)
    locale$$code                             0x00006d8c   Section       44  lc_numeric_c.o(locale$$code)
    locale$$code                             0x00006db8   Section       44  lc_ctype_c.o(locale$$code)
    x$fpl$printf1                            0x00006de4   Section        4  printf1.o(x$fpl$printf1)
    x$fpl$printf2                            0x00006de8   Section        4  printf2.o(x$fpl$printf2)
    initial_mbstate                          0x00006dec   Data           8  _printf_wctomb.o(.constdata)
    .constdata                               0x00006dec   Section        8  _printf_wctomb.o(.constdata)
    uc_hextab                                0x00006df4   Data          20  _printf_hex_int_ll_ptr.o(.constdata)
    .constdata                               0x00006df4   Section       40  _printf_hex_int_ll_ptr.o(.constdata)
    lc_hextab                                0x00006e08   Data          20  _printf_hex_int_ll_ptr.o(.constdata)
    maptable                                 0x00006e1c   Data          17  __printf_flags_ss_wp.o(.constdata)
    .constdata                               0x00006e1c   Section       17  __printf_flags_ss_wp.o(.constdata)
    lc_hextab                                0x00006e2d   Data          19  _printf_fp_hex.o(.constdata)
    .constdata                               0x00006e2d   Section       38  _printf_fp_hex.o(.constdata)
    uc_hextab                                0x00006e40   Data          19  _printf_fp_hex.o(.constdata)
    tenpwrs_x                                0x00006e54   Data          60  bigflt0.o(.constdata)
    .constdata                               0x00006e54   Section      148  bigflt0.o(.constdata)
    tenpwrs_i                                0x00006e90   Data          64  bigflt0.o(.constdata)
    AsciiLib                                 0x00006ee8   Data        1520  asciilib.o(.rodata.AsciiLib)
    [Anonymous Symbol]                       0x00006ee8   Section        0  asciilib.o(.rodata.AsciiLib)
    .L.str                                   0x000074d8   Data          11  main.o(.rodata.str1.1)
    [Anonymous Symbol]                       0x000074d8   Section        0  main.o(.rodata.str1.1)
    .L.str.3                                 0x000074e3   Data           5  main.o(.rodata.str1.1)
    .L.str.1                                 0x000074e8   Data           5  main.o(.rodata.str1.1)
    .L.str.2                                 0x000074ed   Data           6  main.o(.rodata.str1.1)
    .L.str.4                                 0x000074f3   Data           6  main.o(.rodata.str1.1)
    .L.str                                   0x000074f9   Data          12  irq_timer.o(.rodata.str1.1)
    [Anonymous Symbol]                       0x000074f9   Section        0  irq_timer.o(.rodata.str1.1)
    .L.str.1                                 0x00007505   Data           5  irq_timer.o(.rodata.str1.1)
    locale$$data                             0x0000752c   Section       28  lc_numeric_c.o(locale$$data)
    __lcnum_c_name                           0x00007530   Data           2  lc_numeric_c.o(locale$$data)
    __lcnum_c_start                          0x00007538   Data           0  lc_numeric_c.o(locale$$data)
    __lcnum_c_point                          0x00007544   Data           0  lc_numeric_c.o(locale$$data)
    __lcnum_c_thousands                      0x00007546   Data           0  lc_numeric_c.o(locale$$data)
    __lcnum_c_grouping                       0x00007547   Data           0  lc_numeric_c.o(locale$$data)
    __lcnum_c_end                            0x00007548   Data           0  lc_numeric_c.o(locale$$data)
    locale$$data                             0x00007548   Section      272  lc_ctype_c.o(locale$$data)
    __lcctype_c_name                         0x0000754c   Data           2  lc_ctype_c.o(locale$$data)
    __lcctype_c_start                        0x00007554   Data           0  lc_ctype_c.o(locale$$data)
    __lcctype_c_end                          0x00007658   Data           0  lc_ctype_c.o(locale$$data)
    .bss                                     0x10000208   Section       96  libspace.o(.bss)
    LCD_Code                                 0x10000268   Data           1  glcd.o(.bss.LCD_Code)
    [Anonymous Symbol]                       0x10000268   Section        0  glcd.o(.bss.LCD_Code)
    random.seed                              0x10000278   Data           4  main.o(.bss.random.seed)
    [Anonymous Symbol]                       0x10000278   Section        0  main.o(.bss.random.seed)
    Heap_Mem                                 0x10000280   Data           0  startup_lpc17xx.o(HEAP)
    Stack_Mem                                0x10000280   Data        1024  startup_lpc17xx.o(STACK)
    HEAP                                     0x10000280   Section        0  startup_lpc17xx.o(HEAP)
    STACK                                    0x10000280   Section     1024  startup_lpc17xx.o(STACK)
    __initial_sp                             0x10000680   Data           0  startup_lpc17xx.o(STACK)

    Global Symbols

    Symbol Name                              Value     Ov Type        Size  Object(Section)

    BuildAttributes$$THM_ISAv4$P$D$K$B$S$PE$A:L22UL41UL21$X:L11$S22US41US21$IEEE1$IW$~IW$USESV6$~STKCKD$USESV7$~SHL$OTIME$ROPI$IEEEJ$EBA8$UX$STANDARDLIB$REQ8$PRES8$EABIv2 0x00000000   Number         0  anon$$obj.o ABSOLUTE
    __Vectors                                0x00000000   Data           4  startup_lpc17xx.o(RESET)
    __fp_init_empty                          0x00000000   Number         0  fpinit_empty.o ABSOLUTE
    _printf_flags                            0x00000000   Number         0  printf_stubs.o ABSOLUTE
    _printf_return_value                     0x00000000   Number         0  printf_stubs.o ABSOLUTE
    _printf_sizespec                         0x00000000   Number         0  printf_stubs.o ABSOLUTE
    _printf_widthprec                        0x00000000   Number         0  printf_stubs.o ABSOLUTE
    __ARM_exceptions_init                     - Undefined Weak Reference
    __alloca_initialize                       - Undefined Weak Reference
    __arm_preinit_                            - Undefined Weak Reference
    __arm_relocate_pie_                       - Undefined Weak Reference
    __cpp_initialize__aeabi_                  - Undefined Weak Reference
    __cxa_finalize                            - Undefined Weak Reference
    __sigvec_lookup                           - Undefined Weak Reference
    _atexit_init                              - Undefined Weak Reference
    _call_atexit_fns                          - Undefined Weak Reference
    _clock_init                               - Undefined Weak Reference
    _fp_trap_init                             - Undefined Weak Reference
    _fp_trap_shutdown                         - Undefined Weak Reference
    _get_lc_collate                           - Undefined Weak Reference
    _get_lc_monetary                          - Undefined Weak Reference
    _get_lc_time                              - Undefined Weak Reference
    _getenv_init                              - Undefined Weak Reference
    _handle_redirection                       - Undefined Weak Reference
    _init_alloc                               - Undefined Weak Reference
    _init_user_alloc                          - Undefined Weak Reference
    _initio                                   - Undefined Weak Reference
    _printf_mbtowc                            - Undefined Weak Reference
    _printf_wc                                - Undefined Weak Reference
    _rand_init                                - Undefined Weak Reference
    _signal_finish                            - Undefined Weak Reference
    _signal_init                              - Undefined Weak Reference
    _terminate_alloc                          - Undefined Weak Reference
    _terminate_user_alloc                     - Undefined Weak Reference
    _terminateio                              - Undefined Weak Reference
    __main                                   0x000000cd   Thumb Code     8  __main.o(!!!main)
    __scatterload                            0x000000d5   Thumb Code     0  __scatter.o(!!!scatter)
    __scatterload_rt2                        0x000000d5   Thumb Code    84  __scatter.o(!!!scatter)
    __scatterload_rt2_thumb_only             0x000000d5   Thumb Code     0  __scatter.o(!!!scatter)
    __scatterload_loop                       0x000000df   Thumb Code     0  __scatter.o(!!!scatter)
    __decompress                             0x00000131   Thumb Code   100  __dclz77c.o(!!dclz77c)
    __decompress2                            0x00000131   Thumb Code     0  __dclz77c.o(!!dclz77c)
    __scatterload_null                       0x00000195   Thumb Code     2  __scatter.o(!!handler_null)
    __scatterload_zeroinit                   0x00000199   Thumb Code    28  __scatter_zi.o(!!handler_zi)
    _printf_n                                0x000001b5   Thumb Code     0  _printf_n.o(.ARM.Collect$$_printf_percent$$00000001)
    _printf_percent                          0x000001b5   Thumb Code     0  _printf_percent.o(.ARM.Collect$$_printf_percent$$00000000)
    _printf_p                                0x000001bb   Thumb Code     0  _printf_p.o(.ARM.Collect$$_printf_percent$$00000002)
    _printf_f                                0x000001c1   Thumb Code     0  _printf_f.o(.ARM.Collect$$_printf_percent$$00000003)
    _printf_e                                0x000001c7   Thumb Code     0  _printf_e.o(.ARM.Collect$$_printf_percent$$00000004)
    _printf_g                                0x000001cd   Thumb Code     0  _printf_g.o(.ARM.Collect$$_printf_percent$$00000005)
    _printf_a                                0x000001d3   Thumb Code     0  _printf_a.o(.ARM.Collect$$_printf_percent$$00000006)
    _printf_ll                               0x000001d9   Thumb Code     0  _printf_ll.o(.ARM.Collect$$_printf_percent$$00000007)
    _printf_i                                0x000001e3   Thumb Code     0  _printf_i.o(.ARM.Collect$$_printf_percent$$00000008)
    _printf_d                                0x000001e9   Thumb Code     0  _printf_d.o(.ARM.Collect$$_printf_percent$$00000009)
    _printf_u                                0x000001ef   Thumb Code     0  _printf_u.o(.ARM.Collect$$_printf_percent$$0000000A)
    _printf_o                                0x000001f5   Thumb Code     0  _printf_o.o(.ARM.Collect$$_printf_percent$$0000000B)
    _printf_x                                0x000001fb   Thumb Code     0  _printf_x.o(.ARM.Collect$$_printf_percent$$0000000C)
    _printf_lli                              0x00000201   Thumb Code     0  _printf_lli.o(.ARM.Collect$$_printf_percent$$0000000D)
    _printf_lld                              0x00000207   Thumb Code     0  _printf_lld.o(.ARM.Collect$$_printf_percent$$0000000E)
    _printf_llu                              0x0000020d   Thumb Code     0  _printf_llu.o(.ARM.Collect$$_printf_percent$$0000000F)
    _printf_llo                              0x00000213   Thumb Code     0  _printf_llo.o(.ARM.Collect$$_printf_percent$$00000010)
    _printf_llx                              0x00000219   Thumb Code     0  _printf_llx.o(.ARM.Collect$$_printf_percent$$00000011)
    _printf_l                                0x0000021f   Thumb Code     0  _printf_l.o(.ARM.Collect$$_printf_percent$$00000012)
    _printf_c                                0x00000229   Thumb Code     0  _printf_c.o(.ARM.Collect$$_printf_percent$$00000013)
    _printf_s                                0x0000022f   Thumb Code     0  _printf_s.o(.ARM.Collect$$_printf_percent$$00000014)
    _printf_lc                               0x00000235   Thumb Code     0  _printf_lc.o(.ARM.Collect$$_printf_percent$$00000015)
    _printf_ls                               0x0000023b   Thumb Code     0  _printf_ls.o(.ARM.Collect$$_printf_percent$$00000016)
    _printf_percent_end                      0x00000241   Thumb Code     0  _printf_percent_end.o(.ARM.Collect$$_printf_percent$$00000017)
    __rt_lib_init                            0x00000245   Thumb Code     0  libinit.o(.ARM.Collect$$libinit$$00000000)
    __rt_lib_init_fp_1                       0x00000247   Thumb Code     0  libinit2.o(.ARM.Collect$$libinit$$00000002)
    __rt_lib_init_heap_1                     0x00000247   Thumb Code     0  libinit2.o(.ARM.Collect$$libinit$$0000000C)
    __rt_lib_init_lc_common                  0x00000247   Thumb Code     0  libinit2.o(.ARM.Collect$$libinit$$00000011)
    __rt_lib_init_preinit_1                  0x00000247   Thumb Code     0  libinit2.o(.ARM.Collect$$libinit$$00000006)
    __rt_lib_init_rand_1                     0x00000247   Thumb Code     0  libinit2.o(.ARM.Collect$$libinit$$00000010)
    __rt_lib_init_relocate_pie_1             0x00000247   Thumb Code     0  libinit2.o(.ARM.Collect$$libinit$$00000004)
    __rt_lib_init_user_alloc_1               0x00000247   Thumb Code     0  libinit2.o(.ARM.Collect$$libinit$$0000000E)
    __rt_lib_init_lc_collate_1               0x0000024d   Thumb Code     0  libinit2.o(.ARM.Collect$$libinit$$00000013)
    __rt_lib_init_lc_ctype_2                 0x0000024d   Thumb Code     0  libinit2.o(.ARM.Collect$$libinit$$00000014)
    __rt_lib_init_lc_ctype_1                 0x00000259   Thumb Code     0  libinit2.o(.ARM.Collect$$libinit$$00000015)
    __rt_lib_init_lc_monetary_1              0x00000259   Thumb Code     0  libinit2.o(.ARM.Collect$$libinit$$00000017)
    __rt_lib_init_lc_numeric_2               0x00000259   Thumb Code     0  libinit2.o(.ARM.Collect$$libinit$$00000018)
    __rt_lib_init_alloca_1                   0x00000263   Thumb Code     0  libinit2.o(.ARM.Collect$$libinit$$00000030)
    __rt_lib_init_argv_1                     0x00000263   Thumb Code     0  libinit2.o(.ARM.Collect$$libinit$$0000002E)
    __rt_lib_init_atexit_1                   0x00000263   Thumb Code     0  libinit2.o(.ARM.Collect$$libinit$$0000001D)
    __rt_lib_init_clock_1                    0x00000263   Thumb Code     0  libinit2.o(.ARM.Collect$$libinit$$00000023)
    __rt_lib_init_cpp_1                      0x00000263   Thumb Code     0  libinit2.o(.ARM.Collect$$libinit$$00000034)
    __rt_lib_init_exceptions_1               0x00000263   Thumb Code     0  libinit2.o(.ARM.Collect$$libinit$$00000032)
    __rt_lib_init_fp_trap_1                  0x00000263   Thumb Code     0  libinit2.o(.ARM.Collect$$libinit$$00000021)
    __rt_lib_init_getenv_1                   0x00000263   Thumb Code     0  libinit2.o(.ARM.Collect$$libinit$$00000025)
    __rt_lib_init_lc_numeric_1               0x00000263   Thumb Code     0  libinit2.o(.ARM.Collect$$libinit$$00000019)
    __rt_lib_init_lc_time_1                  0x00000263   Thumb Code     0  libinit2.o(.ARM.Collect$$libinit$$0000001B)
    __rt_lib_init_return                     0x00000263   Thumb Code     0  libinit2.o(.ARM.Collect$$libinit$$00000035)
    __rt_lib_init_signal_1                   0x00000263   Thumb Code     0  libinit2.o(.ARM.Collect$$libinit$$0000001F)
    __rt_lib_init_stdio_1                    0x00000263   Thumb Code     0  libinit2.o(.ARM.Collect$$libinit$$00000027)
    __rt_lib_shutdown                        0x00000265   Thumb Code     0  libshutdown.o(.ARM.Collect$$libshutdown$$00000000)
    __rt_lib_shutdown_cpp_1                  0x00000267   Thumb Code     0  libshutdown2.o(.ARM.Collect$$libshutdown$$00000002)
    __rt_lib_shutdown_fp_trap_1              0x00000267   Thumb Code     0  libshutdown2.o(.ARM.Collect$$libshutdown$$00000007)
    __rt_lib_shutdown_heap_1                 0x00000267   Thumb Code     0  libshutdown2.o(.ARM.Collect$$libshutdown$$0000000F)
    __rt_lib_shutdown_return                 0x00000267   Thumb Code     0  libshutdown2.o(.ARM.Collect$$libshutdown$$00000010)
    __rt_lib_shutdown_signal_1               0x00000267   Thumb Code     0  libshutdown2.o(.ARM.Collect$$libshutdown$$0000000A)
    __rt_lib_shutdown_stdio_1                0x00000267   Thumb Code     0  libshutdown2.o(.ARM.Collect$$libshutdown$$00000004)
    __rt_lib_shutdown_user_alloc_1           0x00000267   Thumb Code     0  libshutdown2.o(.ARM.Collect$$libshutdown$$0000000C)
    __rt_entry                               0x00000269   Thumb Code     0  __rtentry.o(.ARM.Collect$$rtentry$$00000000)
    __rt_entry_presh_1                       0x00000269   Thumb Code     0  __rtentry2.o(.ARM.Collect$$rtentry$$00000002)
    __rt_entry_sh                            0x00000269   Thumb Code     0  __rtentry4.o(.ARM.Collect$$rtentry$$00000004)
    __rt_entry_li                            0x0000026f   Thumb Code     0  __rtentry2.o(.ARM.Collect$$rtentry$$0000000A)
    __rt_entry_postsh_1                      0x0000026f   Thumb Code     0  __rtentry2.o(.ARM.Collect$$rtentry$$00000009)
    __rt_entry_main                          0x00000273   Thumb Code     0  __rtentry2.o(.ARM.Collect$$rtentry$$0000000D)
    __rt_entry_postli_1                      0x00000273   Thumb Code     0  __rtentry2.o(.ARM.Collect$$rtentry$$0000000C)
    __rt_exit                                0x0000027b   Thumb Code     0  rtexit.o(.ARM.Collect$$rtexit$$00000000)
    __rt_exit_ls                             0x0000027d   Thumb Code     0  rtexit2.o(.ARM.Collect$$rtexit$$00000003)
    __rt_exit_prels_1                        0x0000027d   Thumb Code     0  rtexit2.o(.ARM.Collect$$rtexit$$00000002)
    __rt_exit_exit                           0x00000281   Thumb Code     0  rtexit2.o(.ARM.Collect$$rtexit$$00000004)
    Reset_Handler                            0x00000289   Thumb Code     4  startup_lpc17xx.o(.text)
    NMI_Handler                              0x0000028d   Thumb Code     2  startup_lpc17xx.o(.text)
    HardFault_Handler                        0x0000028f   Thumb Code     2  startup_lpc17xx.o(.text)
    MemManage_Handler                        0x00000291   Thumb Code     2  startup_lpc17xx.o(.text)
    BusFault_Handler                         0x00000293   Thumb Code     2  startup_lpc17xx.o(.text)
    UsageFault_Handler                       0x00000295   Thumb Code     2  startup_lpc17xx.o(.text)
    SVC_Handler                              0x00000297   Thumb Code     2  startup_lpc17xx.o(.text)
    DebugMon_Handler                         0x00000299   Thumb Code     2  startup_lpc17xx.o(.text)
    PendSV_Handler                           0x0000029b   Thumb Code     2  startup_lpc17xx.o(.text)
    SysTick_Handler                          0x0000029d   Thumb Code     2  startup_lpc17xx.o(.text)
    ADC_IRQHandler                           0x0000029f   Thumb Code     0  startup_lpc17xx.o(.text)
    BOD_IRQHandler                           0x0000029f   Thumb Code     0  startup_lpc17xx.o(.text)
    CANActivity_IRQHandler                   0x0000029f   Thumb Code     0  startup_lpc17xx.o(.text)
    CAN_IRQHandler                           0x0000029f   Thumb Code     0  startup_lpc17xx.o(.text)
    DMA_IRQHandler                           0x0000029f   Thumb Code     0  startup_lpc17xx.o(.text)
    EINT3_IRQHandler                         0x0000029f   Thumb Code     0  startup_lpc17xx.o(.text)
    ENET_IRQHandler                          0x0000029f   Thumb Code     0  startup_lpc17xx.o(.text)
    I2C0_IRQHandler                          0x0000029f   Thumb Code     0  startup_lpc17xx.o(.text)
    I2C1_IRQHandler                          0x0000029f   Thumb Code     0  startup_lpc17xx.o(.text)
    I2C2_IRQHandler                          0x0000029f   Thumb Code     0  startup_lpc17xx.o(.text)
    I2S_IRQHandler                           0x0000029f   Thumb Code     0  startup_lpc17xx.o(.text)
    MCPWM_IRQHandler                         0x0000029f   Thumb Code     0  startup_lpc17xx.o(.text)
    PLL0_IRQHandler                          0x0000029f   Thumb Code     0  startup_lpc17xx.o(.text)
    PLL1_IRQHandler                          0x0000029f   Thumb Code     0  startup_lpc17xx.o(.text)
    PWM1_IRQHandler                          0x0000029f   Thumb Code     0  startup_lpc17xx.o(.text)
    QEI_IRQHandler                           0x0000029f   Thumb Code     0  startup_lpc17xx.o(.text)
    RTC_IRQHandler                           0x0000029f   Thumb Code     0  startup_lpc17xx.o(.text)
    SPI_IRQHandler                           0x0000029f   Thumb Code     0  startup_lpc17xx.o(.text)
    SSP0_IRQHandler                          0x0000029f   Thumb Code     0  startup_lpc17xx.o(.text)
    SSP1_IRQHandler                          0x0000029f   Thumb Code     0  startup_lpc17xx.o(.text)
    TIMER1_IRQHandler                        0x0000029f   Thumb Code     0  startup_lpc17xx.o(.text)
    TIMER2_IRQHandler                        0x0000029f   Thumb Code     0  startup_lpc17xx.o(.text)
    TIMER3_IRQHandler                        0x0000029f   Thumb Code     0  startup_lpc17xx.o(.text)
    UART0_IRQHandler                         0x0000029f   Thumb Code     0  startup_lpc17xx.o(.text)
    UART1_IRQHandler                         0x0000029f   Thumb Code     0  startup_lpc17xx.o(.text)
    UART2_IRQHandler                         0x0000029f   Thumb Code     0  startup_lpc17xx.o(.text)
    UART3_IRQHandler                         0x0000029f   Thumb Code     0  startup_lpc17xx.o(.text)
    USBActivity_IRQHandler                   0x0000029f   Thumb Code     0  startup_lpc17xx.o(.text)
    USB_IRQHandler                           0x0000029f   Thumb Code     0  startup_lpc17xx.o(.text)
    WDT_IRQHandler                           0x0000029f   Thumb Code     0  startup_lpc17xx.o(.text)
    __user_initial_stackheap                 0x000002a1   Thumb Code     0  startup_lpc17xx.o(.text)
    sprintf                                  0x000002bd   Thumb Code    38  sprintf.o(.text)
    __use_two_region_memory                  0x000002e9   Thumb Code     2  heapauxi.o(.text)
    __rt_heap_escrow$2region                 0x000002eb   Thumb Code     2  heapauxi.o(.text)
    __rt_heap_expand$2region                 0x000002ed   Thumb Code     2  heapauxi.o(.text)
    _sputc                                   0x000002ef   Thumb Code    10  _sputc.o(.text)
    __I$use$semihosting                      0x000002f9   Thumb Code     0  use_no_semi.o(.text)
    __use_no_semihosting_swi                 0x000002f9   Thumb Code     2  use_no_semi.o(.text)
    __I$use$fp                               0x000002fa   Number         0  usenofp.o(x$fpl$usenofp)
    __semihosting_library_function           0x000002fb   Thumb Code     0  indicate_semi.o(.text)
    _printf_pre_padding                      0x00000301   Thumb Code    44  _printf_pad.o(.text)
    _printf_post_padding                     0x0000032d   Thumb Code    34  _printf_pad.o(.text)
    _printf_truncate_signed                  0x0000034f   Thumb Code    18  _printf_truncate.o(.text)
    _printf_truncate_unsigned                0x00000361   Thumb Code    18  _printf_truncate.o(.text)
    _printf_str                              0x00000373   Thumb Code    82  _printf_str.o(.text)
    _printf_int_dec                          0x000003c5   Thumb Code   104  _printf_dec.o(.text)
    _printf_charcount                        0x0000043d   Thumb Code    40  _printf_charcount.o(.text)
    _printf_char_common                      0x0000046f   Thumb Code    32  _printf_char_common.o(.text)
    _printf_wctomb                           0x00000495   Thumb Code   182  _printf_wctomb.o(.text)
    _printf_longlong_dec                     0x00000551   Thumb Code   108  _printf_longlong_dec.o(.text)
    _printf_longlong_oct                     0x000005cd   Thumb Code    68  _printf_oct_int_ll.o(.text)
    _printf_int_oct                          0x00000611   Thumb Code    24  _printf_oct_int_ll.o(.text)
    _printf_ll_oct                           0x00000629   Thumb Code    12  _printf_oct_int_ll.o(.text)
    _printf_longlong_hex                     0x0000063d   Thumb Code    86  _printf_hex_int_ll_ptr.o(.text)
    _printf_int_hex                          0x00000693   Thumb Code    28  _printf_hex_int_ll_ptr.o(.text)
    _printf_ll_hex                           0x000006af   Thumb Code    12  _printf_hex_int_ll_ptr.o(.text)
    _printf_hex_ptr                          0x000006bb   Thumb Code    18  _printf_hex_int_ll_ptr.o(.text)
    __printf                                 0x000006d1   Thumb Code   388  __printf_flags_ss_wp.o(.text)
    _ll_udiv10                               0x00000859   Thumb Code   138  lludiv10.o(.text)
    _printf_int_common                       0x000008e3   Thumb Code   178  _printf_intcommon.o(.text)
    _printf_fp_dec_real                      0x00000b45   Thumb Code   620  _printf_fp_dec.o(.text)
    _printf_fp_hex_real                      0x00000db1   Thumb Code   756  _printf_fp_hex.o(.text)
    _printf_cs_common                        0x000010ad   Thumb Code    20  _printf_char.o(.text)
    _printf_char                             0x000010c1   Thumb Code    16  _printf_char.o(.text)
    _printf_string                           0x000010d1   Thumb Code     8  _printf_char.o(.text)
    _printf_lcs_common                       0x000010d9   Thumb Code    20  _printf_wchar.o(.text)
    _printf_wchar                            0x000010ed   Thumb Code    16  _printf_wchar.o(.text)
    _printf_wstring                          0x000010fd   Thumb Code     8  _printf_wchar.o(.text)
    _c16rtomb                                0x00001105   Thumb Code    72  _c16rtomb.o(.text)
    _wcrtomb                                 0x00001105   Thumb Code     0  _c16rtomb.o(.text)
    __user_setup_stackheap                   0x0000114d   Thumb Code    74  sys_stackheap_outer.o(.text)
    __rt_ctype_table                         0x00001199   Thumb Code    16  rt_ctype_table.o(.text)
    __rt_locale                              0x000011a9   Thumb Code     8  rt_locale_intlibspace.o(.text)
    _printf_fp_infnan                        0x000011b1   Thumb Code   112  _printf_fp_infnan.o(.text)
    _btod_etento                             0x00001231   Thumb Code   224  bigflt0.o(.text)
    exit                                     0x00001315   Thumb Code    18  exit.o(.text)
    __user_libspace                          0x00001329   Thumb Code     8  libspace.o(.text)
    __user_perproc_libspace                  0x00001329   Thumb Code     0  libspace.o(.text)
    __user_perthread_libspace                0x00001329   Thumb Code     0  libspace.o(.text)
    strcmp                                   0x00001331   Thumb Code   128  strcmpv7m.o(.text)
    _sys_exit                                0x000013b1   Thumb Code     8  sys_exit.o(.text)
    BUTTON_init                              0x000013bd   Thumb Code    98  lib_button.o(.text.BUTTON_init)
    EINT0_IRQHandler                         0x00001421   Thumb Code    88  irq_button.o(.text.EINT0_IRQHandler)
    EINT1_IRQHandler                         0x00001479   Thumb Code    18  irq_button.o(.text.EINT1_IRQHandler)
    EINT2_IRQHandler                         0x0000148d   Thumb Code    18  irq_button.o(.text.EINT2_IRQHandler)
    GUI_Text                                 0x000014a1   Thumb Code   152  glcd.o(.text.GUI_Text)
    GetASCIICode                             0x00001539   Thumb Code    58  asciilib.o(.text.GetASCIICode)
    LCD_Clear                                0x00001575   Thumb Code  1606  glcd.o(.text.LCD_Clear)
    LCD_Initialization                       0x00001bdd   Thumb Code 11644  glcd.o(.text.LCD_Initialization)
    LCD_SetPoint                             0x00004f35   Thumb Code   266  glcd.o(.text.LCD_SetPoint)
    Over_game                                0x00005041   Thumb Code    58  irq_timer.o(.text.Over_game)
    PacMan_move                              0x0000507d   Thumb Code  2486  main.o(.text.PacMan_move)
    PutChar                                  0x00005a35   Thumb Code   210  glcd.o(.text.PutChar)
    RIT_IRQHandler                           0x00005b09   Thumb Code   162  irq_rit.o(.text.RIT_IRQHandler)
    Resume_game                              0x00005bad   Thumb Code   144  main.o(.text.Resume_game)
    SystemInit                               0x00005c3d   Thumb Code   388  system_lpc17xx.o(.text.SystemInit)
    TIMER0_IRQHandler                        0x00005dc1   Thumb Code   112  irq_timer.o(.text.TIMER0_IRQHandler)
    disable_RIT                              0x00005f49   Thumb Code    16  lib_rit.o(.text.disable_RIT)
    disable_timer                            0x00005f59   Thumb Code    46  lib_timer.o(.text.disable_timer)
    enable_RIT                               0x00005f89   Thumb Code    16  lib_rit.o(.text.enable_RIT)
    enable_timer                             0x00005f99   Thumb Code    46  lib_timer.o(.text.enable_timer)
    init_RIT                                 0x00005fc9   Thumb Code   100  lib_rit.o(.text.init_RIT)
    init_drawing                             0x0000602d   Thumb Code   446  main.o(.text.init_drawing)
    init_timer                               0x000061ed   Thumb Code   126  lib_timer.o(.text.init_timer)
    joystick_init                            0x0000626d   Thumb Code    34  lib_joystick.o(.text.joystick_init)
    main                                     0x00006291   Thumb Code   236  main.o(.text.main)
    pause_game                               0x0000637d   Thumb Code    58  main.o(.text.pause_game)
    placePowerPills                          0x000063b9   Thumb Code   156  main.o(.text.placePowerPills)
    print_CountDown                          0x00006455   Thumb Code    54  irq_timer.o(.text.print_CountDown)
    print_Score                              0x0000648d   Thumb Code    56  main.o(.text.print_Score)
    print_remaining_lives                    0x000064c5   Thumb Code    68  main.o(.text.print_remaining_lives)
    random                                   0x00006509   Thumb Code    88  main.o(.text.random)
    update_display                           0x00006561   Thumb Code    98  main.o(.text.update_display)
    _btod_d2e                                0x000065c3   Thumb Code    62  btod.o(CL$$btod_d2e)
    _d2e_denorm_low                          0x00006601   Thumb Code    70  btod.o(CL$$btod_d2e_denorm_low)
    _d2e_norm_op1                            0x00006647   Thumb Code    96  btod.o(CL$$btod_d2e_norm_op1)
    __btod_div_common                        0x000066a9   Thumb Code   696  btod.o(CL$$btod_div_common)
    _e2e                                     0x000069e1   Thumb Code   220  btod.o(CL$$btod_e2e)
    _btod_ediv                               0x00006abd   Thumb Code    42  btod.o(CL$$btod_ediv)
    _btod_emul                               0x00006ae7   Thumb Code    42  btod.o(CL$$btod_emul)
    __btod_mult_common                       0x00006b11   Thumb Code   580  btod.o(CL$$btod_mult_common)
    __ARM_fpclassify                         0x00006d55   Thumb Code    40  fpclassify.o(i.__ARM_fpclassify)
    _is_digit                                0x00006d7d   Thumb Code    14  __printf_wp.o(i._is_digit)
    _get_lc_numeric                          0x00006d8d   Thumb Code    44  lc_numeric_c.o(locale$$code)
    _get_lc_ctype                            0x00006db9   Thumb Code    44  lc_ctype_c.o(locale$$code)
    _printf_fp_dec                           0x00006de5   Thumb Code     4  printf1.o(x$fpl$printf1)
    _printf_fp_hex                           0x00006de9   Thumb Code     4  printf2.o(x$fpl$printf2)
    Region$$Table$$Base                      0x0000750c   Number         0  anon$$obj.o(Region$$Table)
    Region$$Table$$Limit                     0x0000752c   Number         0  anon$$obj.o(Region$$Table)
    __ctype                                  0x00007555   Data           0  lc_ctype_c.o(locale$$data)
    CountDown                                0x10000000   Data           1  irq_timer.o(.data.CountDown)
    POWER_PILLS                              0x10000001   Data           1  main.o(.data.POWER_PILLS)
    PacMan_dir                               0x10000002   Data           1  main.o(.data.PacMan_dir)
    Remaining_lives                          0x10000003   Data           1  main.o(.data.Remaining_lives)
    pacmanMap                                0x10000004   Data         510  main.o(.data.pacmanMap)
    __libspace_start                         0x10000208   Data          96  libspace.o(.bss)
    __temporary_stack_top$libspace           0x10000268   Data           0  libspace.o(.bss)
    PacMan_pos                               0x1000026c   Data           4  main.o(.bss.PacMan_pos)
    Score                                    0x10000270   Data           4  main.o(.bss.Score)
    Status                                   0x10000274   Data           1  main.o(.bss.Status)
    tmp_score                                0x1000027c   Data           4  main.o(.bss.tmp_score)



==============================================================================

Memory Map of the image

  Image Entry point : 0x00000289

  Load Region LR_1 (Base: 0x00000000, Size: 0x0000785c, Max: 0xffffffff, ABSOLUTE, COMPRESSED[0x000076c8])

    Execution Region ER_RO (Exec base: 0x00000000, Load base: 0x00000000, Size: 0x00007658, Max: 0xffffffff, ABSOLUTE)

    Exec Addr    Load Addr    Size         Type   Attr      Idx    E Section Name        Object

    0x00000000   0x00000000   0x000000cc   Data   RO          207    RESET               startup_lpc17xx.o
    0x000000cc   0x000000cc   0x00000008   Code   RO          239  * !!!main             c_w.l(__main.o)
    0x000000d4   0x000000d4   0x0000005c   Code   RO          590    !!!scatter          c_w.l(__scatter.o)
    0x00000130   0x00000130   0x00000064   Code   RO          588    !!dclz77c           c_w.l(__dclz77c.o)
    0x00000194   0x00000194   0x00000002   Code   RO          591    !!handler_null      c_w.l(__scatter.o)
    0x00000196   0x00000196   0x00000002   PAD
    0x00000198   0x00000198   0x0000001c   Code   RO          594    !!handler_zi        c_w.l(__scatter_zi.o)
    0x000001b4   0x000001b4   0x00000000   Code   RO          327    .ARM.Collect$$_printf_percent$$00000000  c_w.l(_printf_percent.o)
    0x000001b4   0x000001b4   0x00000006   Code   RO          316    .ARM.Collect$$_printf_percent$$00000001  c_w.l(_printf_n.o)
    0x000001ba   0x000001ba   0x00000006   Code   RO          318    .ARM.Collect$$_printf_percent$$00000002  c_w.l(_printf_p.o)
    0x000001c0   0x000001c0   0x00000006   Code   RO          323    .ARM.Collect$$_printf_percent$$00000003  c_w.l(_printf_f.o)
    0x000001c6   0x000001c6   0x00000006   Code   RO          324    .ARM.Collect$$_printf_percent$$00000004  c_w.l(_printf_e.o)
    0x000001cc   0x000001cc   0x00000006   Code   RO          325    .ARM.Collect$$_printf_percent$$00000005  c_w.l(_printf_g.o)
    0x000001d2   0x000001d2   0x00000006   Code   RO          326    .ARM.Collect$$_printf_percent$$00000006  c_w.l(_printf_a.o)
    0x000001d8   0x000001d8   0x0000000a   Code   RO          331    .ARM.Collect$$_printf_percent$$00000007  c_w.l(_printf_ll.o)
    0x000001e2   0x000001e2   0x00000006   Code   RO          320    .ARM.Collect$$_printf_percent$$00000008  c_w.l(_printf_i.o)
    0x000001e8   0x000001e8   0x00000006   Code   RO          321    .ARM.Collect$$_printf_percent$$00000009  c_w.l(_printf_d.o)
    0x000001ee   0x000001ee   0x00000006   Code   RO          322    .ARM.Collect$$_printf_percent$$0000000A  c_w.l(_printf_u.o)
    0x000001f4   0x000001f4   0x00000006   Code   RO          319    .ARM.Collect$$_printf_percent$$0000000B  c_w.l(_printf_o.o)
    0x000001fa   0x000001fa   0x00000006   Code   RO          317    .ARM.Collect$$_printf_percent$$0000000C  c_w.l(_printf_x.o)
    0x00000200   0x00000200   0x00000006   Code   RO          328    .ARM.Collect$$_printf_percent$$0000000D  c_w.l(_printf_lli.o)
    0x00000206   0x00000206   0x00000006   Code   RO          329    .ARM.Collect$$_printf_percent$$0000000E  c_w.l(_printf_lld.o)
    0x0000020c   0x0000020c   0x00000006   Code   RO          330    .ARM.Collect$$_printf_percent$$0000000F  c_w.l(_printf_llu.o)
    0x00000212   0x00000212   0x00000006   Code   RO          335    .ARM.Collect$$_printf_percent$$00000010  c_w.l(_printf_llo.o)
    0x00000218   0x00000218   0x00000006   Code   RO          336    .ARM.Collect$$_printf_percent$$00000011  c_w.l(_printf_llx.o)
    0x0000021e   0x0000021e   0x0000000a   Code   RO          332    .ARM.Collect$$_printf_percent$$00000012  c_w.l(_printf_l.o)
    0x00000228   0x00000228   0x00000006   Code   RO          314    .ARM.Collect$$_printf_percent$$00000013  c_w.l(_printf_c.o)
    0x0000022e   0x0000022e   0x00000006   Code   RO          315    .ARM.Collect$$_printf_percent$$00000014  c_w.l(_printf_s.o)
    0x00000234   0x00000234   0x00000006   Code   RO          333    .ARM.Collect$$_printf_percent$$00000015  c_w.l(_printf_lc.o)
    0x0000023a   0x0000023a   0x00000006   Code   RO          334    .ARM.Collect$$_printf_percent$$00000016  c_w.l(_printf_ls.o)
    0x00000240   0x00000240   0x00000004   Code   RO          381    .ARM.Collect$$_printf_percent$$00000017  c_w.l(_printf_percent_end.o)
    0x00000244   0x00000244   0x00000002   Code   RO          436    .ARM.Collect$$libinit$$00000000  c_w.l(libinit.o)
    0x00000246   0x00000246   0x00000000   Code   RO          461    .ARM.Collect$$libinit$$00000002  c_w.l(libinit2.o)
    0x00000246   0x00000246   0x00000000   Code   RO          463    .ARM.Collect$$libinit$$00000004  c_w.l(libinit2.o)
    0x00000246   0x00000246   0x00000000   Code   RO          465    .ARM.Collect$$libinit$$00000006  c_w.l(libinit2.o)
    0x00000246   0x00000246   0x00000000   Code   RO          468    .ARM.Collect$$libinit$$0000000C  c_w.l(libinit2.o)
    0x00000246   0x00000246   0x00000000   Code   RO          470    .ARM.Collect$$libinit$$0000000E  c_w.l(libinit2.o)
    0x00000246   0x00000246   0x00000000   Code   RO          472    .ARM.Collect$$libinit$$00000010  c_w.l(libinit2.o)
    0x00000246   0x00000246   0x00000006   Code   RO          473    .ARM.Collect$$libinit$$00000011  c_w.l(libinit2.o)
    0x0000024c   0x0000024c   0x00000000   Code   RO          475    .ARM.Collect$$libinit$$00000013  c_w.l(libinit2.o)
    0x0000024c   0x0000024c   0x0000000c   Code   RO          476    .ARM.Collect$$libinit$$00000014  c_w.l(libinit2.o)
    0x00000258   0x00000258   0x00000000   Code   RO          477    .ARM.Collect$$libinit$$00000015  c_w.l(libinit2.o)
    0x00000258   0x00000258   0x00000000   Code   RO          479    .ARM.Collect$$libinit$$00000017  c_w.l(libinit2.o)
    0x00000258   0x00000258   0x0000000a   Code   RO          480    .ARM.Collect$$libinit$$00000018  c_w.l(libinit2.o)
    0x00000262   0x00000262   0x00000000   Code   RO          481    .ARM.Collect$$libinit$$00000019  c_w.l(libinit2.o)
    0x00000262   0x00000262   0x00000000   Code   RO          483    .ARM.Collect$$libinit$$0000001B  c_w.l(libinit2.o)
    0x00000262   0x00000262   0x00000000   Code   RO          485    .ARM.Collect$$libinit$$0000001D  c_w.l(libinit2.o)
    0x00000262   0x00000262   0x00000000   Code   RO          487    .ARM.Collect$$libinit$$0000001F  c_w.l(libinit2.o)
    0x00000262   0x00000262   0x00000000   Code   RO          489    .ARM.Collect$$libinit$$00000021  c_w.l(libinit2.o)
    0x00000262   0x00000262   0x00000000   Code   RO          491    .ARM.Collect$$libinit$$00000023  c_w.l(libinit2.o)
    0x00000262   0x00000262   0x00000000   Code   RO          493    .ARM.Collect$$libinit$$00000025  c_w.l(libinit2.o)
    0x00000262   0x00000262   0x00000000   Code   RO          495    .ARM.Collect$$libinit$$00000027  c_w.l(libinit2.o)
    0x00000262   0x00000262   0x00000000   Code   RO          499    .ARM.Collect$$libinit$$0000002E  c_w.l(libinit2.o)
    0x00000262   0x00000262   0x00000000   Code   RO          501    .ARM.Collect$$libinit$$00000030  c_w.l(libinit2.o)
    0x00000262   0x00000262   0x00000000   Code   RO          503    .ARM.Collect$$libinit$$00000032  c_w.l(libinit2.o)
    0x00000262   0x00000262   0x00000000   Code   RO          505    .ARM.Collect$$libinit$$00000034  c_w.l(libinit2.o)
    0x00000262   0x00000262   0x00000002   Code   RO          506    .ARM.Collect$$libinit$$00000035  c_w.l(libinit2.o)
    0x00000264   0x00000264   0x00000002   Code   RO          543    .ARM.Collect$$libshutdown$$00000000  c_w.l(libshutdown.o)
    0x00000266   0x00000266   0x00000000   Code   RO          571    .ARM.Collect$$libshutdown$$00000002  c_w.l(libshutdown2.o)
    0x00000266   0x00000266   0x00000000   Code   RO          573    .ARM.Collect$$libshutdown$$00000004  c_w.l(libshutdown2.o)
    0x00000266   0x00000266   0x00000000   Code   RO          576    .ARM.Collect$$libshutdown$$00000007  c_w.l(libshutdown2.o)
    0x00000266   0x00000266   0x00000000   Code   RO          579    .ARM.Collect$$libshutdown$$0000000A  c_w.l(libshutdown2.o)
    0x00000266   0x00000266   0x00000000   Code   RO          581    .ARM.Collect$$libshutdown$$0000000C  c_w.l(libshutdown2.o)
    0x00000266   0x00000266   0x00000000   Code   RO          584    .ARM.Collect$$libshutdown$$0000000F  c_w.l(libshutdown2.o)
    0x00000266   0x00000266   0x00000002   Code   RO          585    .ARM.Collect$$libshutdown$$00000010  c_w.l(libshutdown2.o)
    0x00000268   0x00000268   0x00000000   Code   RO          241    .ARM.Collect$$rtentry$$00000000  c_w.l(__rtentry.o)
    0x00000268   0x00000268   0x00000000   Code   RO          348    .ARM.Collect$$rtentry$$00000002  c_w.l(__rtentry2.o)
    0x00000268   0x00000268   0x00000006   Code   RO          360    .ARM.Collect$$rtentry$$00000004  c_w.l(__rtentry4.o)
    0x0000026e   0x0000026e   0x00000000   Code   RO          350    .ARM.Collect$$rtentry$$00000009  c_w.l(__rtentry2.o)
    0x0000026e   0x0000026e   0x00000004   Code   RO          351    .ARM.Collect$$rtentry$$0000000A  c_w.l(__rtentry2.o)
    0x00000272   0x00000272   0x00000000   Code   RO          353    .ARM.Collect$$rtentry$$0000000C  c_w.l(__rtentry2.o)
    0x00000272   0x00000272   0x00000008   Code   RO          354    .ARM.Collect$$rtentry$$0000000D  c_w.l(__rtentry2.o)
    0x0000027a   0x0000027a   0x00000002   Code   RO          445    .ARM.Collect$$rtexit$$00000000  c_w.l(rtexit.o)
    0x0000027c   0x0000027c   0x00000000   Code   RO          512    .ARM.Collect$$rtexit$$00000002  c_w.l(rtexit2.o)
    0x0000027c   0x0000027c   0x00000004   Code   RO          513    .ARM.Collect$$rtexit$$00000003  c_w.l(rtexit2.o)
    0x00000280   0x00000280   0x00000006   Code   RO          514    .ARM.Collect$$rtexit$$00000004  c_w.l(rtexit2.o)
    0x00000286   0x00000286   0x00000002   PAD
    0x00000288   0x00000288   0x00000034   Code   RO          209  * .text               startup_lpc17xx.o
    0x000002bc   0x000002bc   0x0000002c   Code   RO          233    .text               c_w.l(sprintf.o)
    0x000002e8   0x000002e8   0x00000006   Code   RO          237    .text               c_w.l(heapauxi.o)
    0x000002ee   0x000002ee   0x0000000a   Code   RO          260    .text               c_w.l(_sputc.o)
    0x000002f8   0x000002f8   0x00000002   Code   RO          532    .text               c_w.l(use_no_semi.o)
    0x000002fa   0x000002fa   0x00000000   Code   RO          534    .text               c_w.l(indicate_semi.o)
    0x000002fa   0x000002fa   0x00000000   Code   RO          439    x$fpl$usenofp       fz_ws.l(usenofp.o)
    0x000002fa   0x000002fa   0x00000002   PAD
    0x000002fc   0x000002fc   0x00000004   Code   RO          208    .ARM.__at_0x02FC    startup_lpc17xx.o
    0x00000300   0x00000300   0x0000004e   Code   RO          248    .text               c_w.l(_printf_pad.o)
    0x0000034e   0x0000034e   0x00000024   Code   RO          250    .text               c_w.l(_printf_truncate.o)
    0x00000372   0x00000372   0x00000052   Code   RO          252    .text               c_w.l(_printf_str.o)
    0x000003c4   0x000003c4   0x00000078   Code   RO          254    .text               c_w.l(_printf_dec.o)
    0x0000043c   0x0000043c   0x00000028   Code   RO          256    .text               c_w.l(_printf_charcount.o)
    0x00000464   0x00000464   0x00000030   Code   RO          258    .text               c_w.l(_printf_char_common.o)
    0x00000494   0x00000494   0x000000bc   Code   RO          262    .text               c_w.l(_printf_wctomb.o)
    0x00000550   0x00000550   0x0000007c   Code   RO          265    .text               c_w.l(_printf_longlong_dec.o)
    0x000005cc   0x000005cc   0x00000070   Code   RO          271    .text               c_w.l(_printf_oct_int_ll.o)
    0x0000063c   0x0000063c   0x00000094   Code   RO          291    .text               c_w.l(_printf_hex_int_ll_ptr.o)
    0x000006d0   0x000006d0   0x00000188   Code   RO          311    .text               c_w.l(__printf_flags_ss_wp.o)
    0x00000858   0x00000858   0x0000008a   Code   RO          364    .text               c_w.l(lludiv10.o)
    0x000008e2   0x000008e2   0x000000b2   Code   RO          366    .text               c_w.l(_printf_intcommon.o)
    0x00000994   0x00000994   0x0000041c   Code   RO          368    .text               c_w.l(_printf_fp_dec.o)
    0x00000db0   0x00000db0   0x000002fc   Code   RO          372    .text               c_w.l(_printf_fp_hex.o)
    0x000010ac   0x000010ac   0x0000002c   Code   RO          377    .text               c_w.l(_printf_char.o)
    0x000010d8   0x000010d8   0x0000002c   Code   RO          379    .text               c_w.l(_printf_wchar.o)
    0x00001104   0x00001104   0x00000048   Code   RO          382    .text               c_w.l(_c16rtomb.o)
    0x0000114c   0x0000114c   0x0000004a   Code   RO          384    .text               c_w.l(sys_stackheap_outer.o)
    0x00001196   0x00001196   0x00000002   PAD
    0x00001198   0x00001198   0x00000010   Code   RO          386    .text               c_w.l(rt_ctype_table.o)
    0x000011a8   0x000011a8   0x00000008   Code   RO          391    .text               c_w.l(rt_locale_intlibspace.o)
    0x000011b0   0x000011b0   0x00000080   Code   RO          393    .text               c_w.l(_printf_fp_infnan.o)
    0x00001230   0x00001230   0x000000e4   Code   RO          395    .text               c_w.l(bigflt0.o)
    0x00001314   0x00001314   0x00000012   Code   RO          425    .text               c_w.l(exit.o)
    0x00001326   0x00001326   0x00000002   PAD
    0x00001328   0x00001328   0x00000008   Code   RO          442    .text               c_w.l(libspace.o)
    0x00001330   0x00001330   0x00000080   Code   RO          458    .text               c_w.l(strcmpv7m.o)
    0x000013b0   0x000013b0   0x0000000c   Code   RO          507    .text               c_w.l(sys_exit.o)
    0x000013bc   0x000013bc   0x00000062   Code   RO           79    .text.BUTTON_init   lib_button.o
    0x0000141e   0x0000141e   0x00000002   PAD
    0x00001420   0x00001420   0x00000058   Code   RO           66    .text.EINT0_IRQHandler  irq_button.o
    0x00001478   0x00001478   0x00000012   Code   RO           68    .text.EINT1_IRQHandler  irq_button.o
    0x0000148a   0x0000148a   0x00000002   PAD
    0x0000148c   0x0000148c   0x00000012   Code   RO           70    .text.EINT2_IRQHandler  irq_button.o
    0x0000149e   0x0000149e   0x00000002   PAD
    0x000014a0   0x000014a0   0x00000098   Code   RO          152    .text.GUI_Text      glcd.o
    0x00001538   0x00001538   0x0000003a   Code   RO          125    .text.GetASCIICode  asciilib.o
    0x00001572   0x00001572   0x00000002   PAD
    0x00001574   0x00001574   0x00000646   Code   RO          138    .text.LCD_Clear     glcd.o
    0x00001bba   0x00001bba   0x00000002   PAD
    0x00001bbc   0x00001bbc   0x00000020   Code   RO          136    .text.LCD_Configuration  glcd.o
    0x00001bdc   0x00001bdc   0x00002d7c   Code   RO          134    .text.LCD_Initialization  glcd.o
    0x00004958   0x00004958   0x000005da   Code   RO          140    .text.LCD_SetCursor  glcd.o
    0x00004f32   0x00004f32   0x00000002   PAD
    0x00004f34   0x00004f34   0x0000010a   Code   RO          146    .text.LCD_SetPoint  glcd.o
    0x0000503e   0x0000503e   0x00000002   PAD
    0x00005040   0x00005040   0x0000003a   Code   RO          174    .text.Over_game     irq_timer.o
    0x0000507a   0x0000507a   0x00000002   PAD
    0x0000507c   0x0000507c   0x000009b6   Code   RO            8    .text.PacMan_move   main.o
    0x00005a32   0x00005a32   0x00000002   PAD
    0x00005a34   0x00005a34   0x000000d2   Code   RO          150    .text.PutChar       glcd.o
    0x00005b06   0x00005b06   0x00000002   PAD
    0x00005b08   0x00005b08   0x000000a2   Code   RO           98    .text.RIT_IRQHandler  irq_rit.o
    0x00005baa   0x00005baa   0x00000002   PAD
    0x00005bac   0x00005bac   0x00000090   Code   RO           20    .text.Resume_game   main.o
    0x00005c3c   0x00005c3c   0x00000184   Code   RO          220    .text.SystemInit    system_lpc17xx.o
    0x00005dc0   0x00005dc0   0x00000070   Code   RO          172    .text.TIMER0_IRQHandler  irq_timer.o
    0x00005e30   0x00005e30   0x00000030   Code   RO           81    .text.__NVIC_EnableIRQ  lib_button.o
    0x00005e60   0x00005e60   0x00000030   Code   RO          114    .text.__NVIC_EnableIRQ  lib_rit.o
    0x00005e90   0x00005e90   0x00000030   Code   RO          195    .text.__NVIC_EnableIRQ  lib_timer.o
    0x00005ec0   0x00005ec0   0x00000042   Code   RO          116    .text.__NVIC_SetPriority  lib_rit.o
    0x00005f02   0x00005f02   0x00000002   PAD
    0x00005f04   0x00005f04   0x00000042   Code   RO          197    .text.__NVIC_SetPriority  lib_timer.o
    0x00005f46   0x00005f46   0x00000002   PAD
    0x00005f48   0x00005f48   0x00000010   Code   RO          108    .text.disable_RIT   lib_rit.o
    0x00005f58   0x00005f58   0x0000002e   Code   RO          189    .text.disable_timer  lib_timer.o
    0x00005f86   0x00005f86   0x00000002   PAD
    0x00005f88   0x00005f88   0x00000010   Code   RO          106    .text.enable_RIT    lib_rit.o
    0x00005f98   0x00005f98   0x0000002e   Code   RO          187    .text.enable_timer  lib_timer.o
    0x00005fc6   0x00005fc6   0x00000002   PAD
    0x00005fc8   0x00005fc8   0x00000064   Code   RO          112    .text.init_RIT      lib_rit.o
    0x0000602c   0x0000602c   0x000001be   Code   RO            4    .text.init_drawing  main.o
    0x000061ea   0x000061ea   0x00000002   PAD
    0x000061ec   0x000061ec   0x0000007e   Code   RO          193    .text.init_timer    lib_timer.o
    0x0000626a   0x0000626a   0x00000002   PAD
    0x0000626c   0x0000626c   0x00000022   Code   RO           90    .text.joystick_init  lib_joystick.o
    0x0000628e   0x0000628e   0x00000002   PAD
    0x00006290   0x00006290   0x000000ec   Code   RO            2    .text.main          main.o
    0x0000637c   0x0000637c   0x0000003a   Code   RO            6    .text.pause_game    main.o
    0x000063b6   0x000063b6   0x00000002   PAD
    0x000063b8   0x000063b8   0x0000009c   Code   RO           14    .text.placePowerPills  main.o
    0x00006454   0x00006454   0x00000036   Code   RO          176    .text.print_CountDown  irq_timer.o
    0x0000648a   0x0000648a   0x00000002   PAD
    0x0000648c   0x0000648c   0x00000038   Code   RO           10    .text.print_Score   main.o
    0x000064c4   0x000064c4   0x00000044   Code   RO           12    .text.print_remaining_lives  main.o
    0x00006508   0x00006508   0x00000058   Code   RO           18    .text.random        main.o
    0x00006560   0x00006560   0x00000062   Code   RO           16    .text.update_display  main.o
    0x000065c2   0x000065c2   0x0000003e   Code   RO          398    CL$$btod_d2e        c_w.l(btod.o)
    0x00006600   0x00006600   0x00000046   Code   RO          400    CL$$btod_d2e_denorm_low  c_w.l(btod.o)
    0x00006646   0x00006646   0x00000060   Code   RO          399    CL$$btod_d2e_norm_op1  c_w.l(btod.o)
    0x000066a6   0x000066a6   0x00000002   PAD
    0x000066a8   0x000066a8   0x00000338   Code   RO          408    CL$$btod_div_common  c_w.l(btod.o)
    0x000069e0   0x000069e0   0x000000dc   Code   RO          405    CL$$btod_e2e        c_w.l(btod.o)
    0x00006abc   0x00006abc   0x0000002a   Code   RO          402    CL$$btod_ediv       c_w.l(btod.o)
    0x00006ae6   0x00006ae6   0x0000002a   Code   RO          401    CL$$btod_emul       c_w.l(btod.o)
    0x00006b10   0x00006b10   0x00000244   Code   RO          407    CL$$btod_mult_common  c_w.l(btod.o)
    0x00006d54   0x00006d54   0x00000028   Code   RO          440    i.__ARM_fpclassify  m_ws.l(fpclassify.o)
    0x00006d7c   0x00006d7c   0x0000000e   Code   RO          304    i._is_digit         c_w.l(__printf_wp.o)
    0x00006d8a   0x00006d8a   0x00000002   PAD
    0x00006d8c   0x00006d8c   0x0000002c   Code   RO          423    locale$$code        c_w.l(lc_numeric_c.o)
    0x00006db8   0x00006db8   0x0000002c   Code   RO          452    locale$$code        c_w.l(lc_ctype_c.o)
    0x00006de4   0x00006de4   0x00000004   Code   RO          339    x$fpl$printf1       fz_ws.l(printf1.o)
    0x00006de8   0x00006de8   0x00000004   Code   RO          341    x$fpl$printf2       fz_ws.l(printf2.o)
    0x00006dec   0x00006dec   0x00000008   Data   RO          263    .constdata          c_w.l(_printf_wctomb.o)
    0x00006df4   0x00006df4   0x00000028   Data   RO          292    .constdata          c_w.l(_printf_hex_int_ll_ptr.o)
    0x00006e1c   0x00006e1c   0x00000011   Data   RO          312    .constdata          c_w.l(__printf_flags_ss_wp.o)
    0x00006e2d   0x00006e2d   0x00000026   Data   RO          373    .constdata          c_w.l(_printf_fp_hex.o)
    0x00006e53   0x00006e53   0x00000001   PAD
    0x00006e54   0x00006e54   0x00000094   Data   RO          396    .constdata          c_w.l(bigflt0.o)
    0x00006ee8   0x00006ee8   0x000005f0   Data   RO          127    .rodata.AsciiLib    asciilib.o
    0x000074d8   0x000074d8   0x00000021   Data   RO           30    .rodata.str1.1      main.o
    0x000074f9   0x000074f9   0x00000011   Data   RO          179    .rodata.str1.1      irq_timer.o
    0x0000750a   0x0000750a   0x00000002   PAD
    0x0000750c   0x0000750c   0x00000020   Data   RO          587    Region$$Table       anon$$obj.o
    0x0000752c   0x0000752c   0x0000001c   Data   RO          422    locale$$data        c_w.l(lc_numeric_c.o)
    0x00007548   0x00007548   0x00000110   Data   RO          451    locale$$data        c_w.l(lc_ctype_c.o)


    Execution Region ER_RW (Exec base: 0x10000000, Load base: 0x00007658, Size: 0x00000204, Max: 0xffffffff, ABSOLUTE, COMPRESSED[0x00000070])

    Exec Addr    Load Addr    Size         Type   Attr      Idx    E Section Name        Object

    0x10000000   COMPRESSED   0x00000001   Data   RW          178    .data.CountDown     irq_timer.o
    0x10000001   COMPRESSED   0x00000001   Data   RW           27    .data.POWER_PILLS   main.o
    0x10000002   COMPRESSED   0x00000001   Data   RW           22    .data.PacMan_dir    main.o
    0x10000003   COMPRESSED   0x00000001   Data   RW           24    .data.Remaining_lives  main.o
    0x10000004   COMPRESSED   0x000001fe   Data   RW           29    .data.pacmanMap     main.o


    Execution Region ER_ZI (Exec base: 0x10000208, Load base: 0x000076c8, Size: 0x00000478, Max: 0xffffffff, ABSOLUTE)

    Exec Addr    Load Addr    Size         Type   Attr      Idx    E Section Name        Object

    0x10000208        -       0x00000060   Zero   RW          443    .bss                c_w.l(libspace.o)
    0x10000268        -       0x00000001   Zero   RW          154    .bss.LCD_Code       glcd.o
    0x10000269   0x000076c8   0x00000003   PAD
    0x1000026c        -       0x00000004   Zero   RW           28    .bss.PacMan_pos     main.o
    0x10000270        -       0x00000004   Zero   RW           25    .bss.Score          main.o
    0x10000274        -       0x00000001   Zero   RW           23    .bss.Status         main.o
    0x10000275   0x000076c8   0x00000003   PAD
    0x10000278        -       0x00000004   Zero   RW           31    .bss.random.seed    main.o
    0x1000027c        -       0x00000004   Zero   RW           26    .bss.tmp_score      main.o
    0x10000280        -       0x00000000   Zero   RW          206    HEAP                startup_lpc17xx.o
    0x10000280        -       0x00000400   Zero   RW          205    STACK               startup_lpc17xx.o


==============================================================================

Image component sizes


      Code (inc. data)   RO Data    RW Data    ZI Data      Debug   Object Name

        58          0       1520          0          0        673   asciilib.o
     15408          0          0          0          1      24570   glcd.o
       124          0          0          0          0       1950   irq_button.o
       162          0          0          0          0       2245   irq_rit.o
       224          0         17          1          0       1683   irq_timer.o
       146          0          0          0          0       4951   lib_button.o
        34          0          0          0          0       2515   lib_joystick.o
       246          0          0          0          0       4385   lib_rit.o
       332          0          0          0          0       3985   lib_timer.o
      3836         10         33        513         17       5116   main.o
        56         22        204          0       1024       1108   startup_lpc17xx.o
       388          0          0          0          0       2333   system_lpc17xx.o

    ----------------------------------------------------------------------
     21054         32       1808        516       1048      55514   Object Totals
         0          0         32          0          0          0   (incl. Generated)
        40          0          2          2          6          0   (incl. Padding)

    ----------------------------------------------------------------------

      Code (inc. data)   RO Data    RW Data    ZI Data      Debug   Library Member Name

       100          0          0          0          0          0   __dclz77c.o
         8          0          0          0          0         68   __main.o
       392          4         17          0          0         92   __printf_flags_ss_wp.o
        14          0          0          0          0         68   __printf_wp.o
         0          0          0          0          0          0   __rtentry.o
        12          0          0          0          0          0   __rtentry2.o
         6          0          0          0          0          0   __rtentry4.o
        94          8          0          0          0          0   __scatter.o
        28          0          0          0          0          0   __scatter_zi.o
        72          0          0          0          0         96   _c16rtomb.o
         6          0          0          0          0          0   _printf_a.o
         6          0          0          0          0          0   _printf_c.o
        44          0          0          0          0        108   _printf_char.o
        48          6          0          0          0         96   _printf_char_common.o
        40          0          0          0          0         68   _printf_charcount.o
         6          0          0          0          0          0   _printf_d.o
       120         16          0          0          0         92   _printf_dec.o
         6          0          0          0          0          0   _printf_e.o
         6          0          0          0          0          0   _printf_f.o
      1052          0          0          0          0        148   _printf_fp_dec.o
       764          8         38          0          0        100   _printf_fp_hex.o
       128         16          0          0          0         84   _printf_fp_infnan.o
         6          0          0          0          0          0   _printf_g.o
       148          4         40          0          0        160   _printf_hex_int_ll_ptr.o
         6          0          0          0          0          0   _printf_i.o
       178          0          0          0          0         88   _printf_intcommon.o
        10          0          0          0          0          0   _printf_l.o
         6          0          0          0          0          0   _printf_lc.o
        10          0          0          0          0          0   _printf_ll.o
         6          0          0          0          0          0   _printf_lld.o
         6          0          0          0          0          0   _printf_lli.o
         6          0          0          0          0          0   _printf_llo.o
         6          0          0          0          0          0   _printf_llu.o
         6          0          0          0          0          0   _printf_llx.o
       124         16          0          0          0         92   _printf_longlong_dec.o
         6          0          0          0          0          0   _printf_ls.o
         6          0          0          0          0          0   _printf_n.o
         6          0          0          0          0          0   _printf_o.o
       112          8          0          0          0        124   _printf_oct_int_ll.o
         6          0          0          0          0          0   _printf_p.o
        78          0          0          0          0        108   _printf_pad.o
         0          0          0          0          0          0   _printf_percent.o
         4          0          0          0          0          0   _printf_percent_end.o
         6          0          0          0          0          0   _printf_s.o
        82          0          0          0          0         80   _printf_str.o
        36          0          0          0          0         84   _printf_truncate.o
         6          0          0          0          0          0   _printf_u.o
        44          0          0          0          0        108   _printf_wchar.o
       188          6          8          0          0         92   _printf_wctomb.o
         6          0          0          0          0          0   _printf_x.o
        10          0          0          0          0         68   _sputc.o
       228          4        148          0          0         96   bigflt0.o
      1936        128          0          0          0        668   btod.o
        18          0          0          0          0         80   exit.o
         6          0          0          0          0        152   heapauxi.o
         0          0          0          0          0          0   indicate_semi.o
        44         10        272          0          0         76   lc_ctype_c.o
        44         10         28          0          0         76   lc_numeric_c.o
         2          0          0          0          0          0   libinit.o
        30          0          0          0          0          0   libinit2.o
         2          0          0          0          0          0   libshutdown.o
         2          0          0          0          0          0   libshutdown2.o
         8          4          0          0         96         68   libspace.o
       138          0          0          0          0         80   lludiv10.o
        16          4          0          0          0         76   rt_ctype_table.o
         8          4          0          0          0         68   rt_locale_intlibspace.o
         2          0          0          0          0          0   rtexit.o
        10          0          0          0          0          0   rtexit2.o
        44          6          0          0          0         84   sprintf.o
       128          0          0          0          0         68   strcmpv7m.o
        12          4          0          0          0         68   sys_exit.o
        74          0          0          0          0         80   sys_stackheap_outer.o
         2          0          0          0          0         68   use_no_semi.o
         4          0          0          0          0         68   printf1.o
         4          0          0          0          0         68   printf2.o
         0          0          0          0          0          0   usenofp.o
        40          0          0          0          0         68   fpclassify.o

    ----------------------------------------------------------------------
      6882        266        552          0         96       4036   Library Totals
        14          0          1          0          0          0   (incl. Padding)

    ----------------------------------------------------------------------

      Code (inc. data)   RO Data    RW Data    ZI Data      Debug   Library Name

      6820        266        551          0         96       3832   c_w.l
         8          0          0          0          0        136   fz_ws.l
        40          0          0          0          0         68   m_ws.l

    ----------------------------------------------------------------------
      6882        266        552          0         96       4036   Library Totals

    ----------------------------------------------------------------------

==============================================================================


      Code (inc. data)   RO Data    RW Data    ZI Data      Debug   

     27936        298       2360        516       1144      57282   Grand Totals
     27936        298       2360        112       1144      57282   ELF Image Totals (compressed)
     27936        298       2360        112          0          0   ROM Totals

==============================================================================

    Total RO  Size (Code + RO Data)                30296 (  29.59kB)
    Total RW  Size (RW Data + ZI Data)              1660 (   1.62kB)
    Total ROM Size (Code + RO Data + RW Data)      30408 (  29.70kB)

==============================================================================

